Enter password: *********
Welcome to the MySQL monitor.  Commands end with ; or \g.
Your MySQL connection id is 36
Server version: 8.0.32 MySQL Community Server - GPL

Copyright (c) 2000, 2023, Oracle and/or its affiliates.

Oracle is a registered trademark of Oracle Corporation and/or its
affiliates. Other names may be trademarks of their respective
owners.

Type 'help;' or '\h' for help. Type '\c' to clear the current input statement.

mysql> show databases;
+--------------------+
| Database           |
+--------------------+
| information_schema |
| mysql              |
| performance_schema |
| sys                |
| udacity            |
+--------------------+
5 rows in set (0.00 sec)

mysql> use udacity;
Database changed
mysql> show tables;
+-------------------+
| Tables_in_udacity |
+-------------------+
| wallmart          |
+-------------------+
1 row in set (0.00 sec)

mysql> use wallmart;
ERROR 1049 (42000): Unknown database 'wallmart'
mysql> SELECT * FROM wallmart LIMIT 5;
+-----------------+----------------+------------+------------+-----------------+---------+-----------------+------------+-------------+--------+-----------------+--------------+-------------------------------------------------------------+----------+----------+----------+----------+
| MyUnknownColumn | Order ID       | Order Date | Ship Date  | Customer Name   | Country | City            | State      | Postal Code | Region | Category        | Sub-Category | Product Name                                                | Sales    | Quantity | Discount | Profit   |
+-----------------+----------------+------------+------------+-----------------+---------+-----------------+------------+-------------+--------+-----------------+--------------+-------------------------------------------------------------+----------+----------+----------+----------+
|               0 | CA-2013-152156 | 09-11-2013 | 12-11-2013 | Claire Gute     | USA     | Henderson       | Kentucky   |       42420 | South  | Furniture       | Bookcases    | Bush Somerset Collection Bookcase                           |   261.96 |        2 |        0 |  41.9136 |
|               1 | CA-2013-152156 | 09-11-2013 | 12-11-2013 | Claire Gute     | USA     | Henderson       | Kentucky   |       42420 | South  | Furniture       | Chairs       | Hon Deluxe Fabric Upholstered Stacking Chairs, Rounded Back |   731.94 |        3 |        0 |  219.582 |
|               2 | CA-2013-138688 | 13-06-2013 | 17-06-2013 | Darrin Van Huff | USA     | Los Angeles     | California |       90036 | West   | Office Supplies | Labels       | Self-Adhesive Address Labels for Typewriters by Universal   |    14.62 |        2 |        0 |   6.8714 |
|               3 | US-2012-108966 | 11-10-2012 | 18-10-2012 | Sean O'Donnell  | USA     | Fort Lauderdale | Florida    |       33311 | South  | Furniture       | Tables       | Bretford CR4500 Series Slim Rectangular Table               | 957.5775 |        5 |     0.45 | -383.031 |
|               4 | US-2012-108966 | 11-10-2012 | 18-10-2012 | Sean O'Donnell  | USA     | Fort Lauderdale | Florida    |       33311 | South  | Office Supplies | Storage      | Eldon Fold 'N Roll Cart System                              |   22.368 |        2 |      0.2 |   2.5164 |
+-----------------+----------------+------------+------------+-----------------+---------+-----------------+------------+-------------+--------+-----------------+--------------+-------------------------------------------------------------+----------+----------+----------+----------+
5 rows in set (0.00 sec)

mysql> SELECT Order ID , Country, City,State, Product Name FROM wallmart LIMIT 5;
ERROR 1064 (42000): You have an error in your SQL syntax; check the manual that corresponds to your MySQL server version for the right syntax to use near 'Order ID , Country, City,State, Product Name FROM wallmart LIMIT 5' at line 1
mysql> SELECT Order ID , Country, City,State, Product Name
    -> From wallmart
    -> LIMIT 5;
ERROR 1064 (42000): You have an error in your SQL syntax; check the manual that corresponds to your MySQL server version for the right syntax to use near 'Order ID , Country, City,State, Product Name
From wallmart
LIMIT 5' at line 1
mysql> SELECT Order ID , Country, City,State, Product Name
    -> From wallmart;
ERROR 1064 (42000): You have an error in your SQL syntax; check the manual that corresponds to your MySQL server version for the right syntax to use near 'Order ID , Country, City,State, Product Name
From wallmart' at line 1
mysql> SELECT City FROM wallmart;
+-----------------+
| City            |
+-----------------+
| Henderson       |
| Henderson       |
| Los Angeles     |
| Fort Lauderdale |
| Fort Lauderdale |
| Los Angeles     |
| Los Angeles     |
| Los Angeles     |
| Los Angeles     |
| Los Angeles     |
| Los Angeles     |
| Los Angeles     |
| Concord         |
| Seattle         |
| Fort Worth      |
| Fort Worth      |
| Madison         |
| West Jordan     |
| San Francisco   |
| San Francisco   |
| San Francisco   |
| Fremont         |
| Fremont         |
| Philadelphia    |
| Orem            |
| Los Angeles     |
| Los Angeles     |
| Philadelphia    |
| Philadelphia    |
| Philadelphia    |
| Philadelphia    |
| Philadelphia    |
| Philadelphia    |
| Houston         |
| Richardson      |
| Richardson      |
| Houston         |
| Houston         |
| Houston         |
| Houston         |
| Naperville      |
| Los Angeles     |
| Melbourne       |
| Eagan           |
| Eagan           |
| Westland        |
| Dover           |
| Dover           |
| New Albany      |
| New Albany      |
| New Albany      |
| New Albany      |
| New York City   |
| New York City   |
| Troy            |
| Troy            |
| Troy            |
| Troy            |
| Troy            |
| Troy            |
| Troy            |
| Los Angeles     |
| Los Angeles     |
| Los Angeles     |
| Los Angeles     |
| Chicago         |
| Gilbert         |
| Gilbert         |
| Springfield     |
| New York City   |
| Jackson         |
| Memphis         |
| Memphis         |
| Memphis         |
| Houston         |
| Houston         |
| Houston         |
| Decatur         |
| Decatur         |
| San Francisco   |
| San Francisco   |
| Durham          |
| Chicago         |
| Columbia        |
| Rochester       |
| Rochester       |
| Houston         |
| Los Angeles     |
| Los Angeles     |
| Los Angeles     |
| Minneapolis     |
| Minneapolis     |
| Minneapolis     |
| Portland        |
| New York City   |
| San Francisco   |
| Saint Paul      |
| Chicago         |
| Chicago         |
| Chicago         |
| Rochester       |
| Aurora          |
| Aurora          |
| Charlotte       |
| Charlotte       |
| Charlotte       |
| Orland Park     |
| New York City   |
| Urbandale       |
| Urbandale       |
| Columbus        |
| Columbus        |
| Columbus        |
| Columbus        |
| Seattle         |
| Bristol         |
| Wilmington      |
| Wilmington      |
| Wilmington      |
| Wilmington      |
| Wilmington      |
| Houston         |
| Bloomington     |
| Phoenix         |
| Phoenix         |
| Los Angeles     |
| Los Angeles     |
| Columbus        |
| Columbus        |
| Columbus        |
| Roseville       |
| Roseville       |
| Roseville       |
| Roseville       |
+-----------------+
134 rows in set (0.00 sec)

mysql> SELECT Order ID, City FROM wallmart;
ERROR 1064 (42000): You have an error in your SQL syntax; check the manual that corresponds to your MySQL server version for the right syntax to use near 'Order ID, City FROM wallmart' at line 1
mysql> SELECT Order ID, City FROM wallmart;
ERROR 1064 (42000): You have an error in your SQL syntax; check the manual that corresponds to your MySQL server version for the right syntax to use near 'Order ID, City FROM wallmart' at line 1
mysql> SELECT Order ID, City
    -> FROM wallmart;
ERROR 1064 (42000): You have an error in your SQL syntax; check the manual that corresponds to your MySQL server version for the right syntax to use near 'Order ID, City
FROM wallmart' at line 1
mysql> SELECT (Order ID, City)
    -> FROM wallmart;
ERROR 1064 (42000): You have an error in your SQL syntax; check the manual that corresponds to your MySQL server version for the right syntax to use near 'Order ID, City)
FROM wallmart' at line 1
mysql> SELECT Country, City  from wallmart;
+---------+-----------------+
| Country | City            |
+---------+-----------------+
| USA     | Henderson       |
| USA     | Henderson       |
| USA     | Los Angeles     |
| USA     | Fort Lauderdale |
| USA     | Fort Lauderdale |
| USA     | Los Angeles     |
| USA     | Los Angeles     |
| USA     | Los Angeles     |
| USA     | Los Angeles     |
| USA     | Los Angeles     |
| USA     | Los Angeles     |
| USA     | Los Angeles     |
| USA     | Concord         |
| USA     | Seattle         |
| USA     | Fort Worth      |
| USA     | Fort Worth      |
| USA     | Madison         |
| USA     | West Jordan     |
| USA     | San Francisco   |
| USA     | San Francisco   |
| USA     | San Francisco   |
| USA     | Fremont         |
| USA     | Fremont         |
| USA     | Philadelphia    |
| USA     | Orem            |
| USA     | Los Angeles     |
| USA     | Los Angeles     |
| USA     | Philadelphia    |
| USA     | Philadelphia    |
| USA     | Philadelphia    |
| USA     | Philadelphia    |
| USA     | Philadelphia    |
| USA     | Philadelphia    |
| USA     | Houston         |
| USA     | Richardson      |
| USA     | Richardson      |
| USA     | Houston         |
| USA     | Houston         |
| USA     | Houston         |
| USA     | Houston         |
| USA     | Naperville      |
| USA     | Los Angeles     |
| USA     | Melbourne       |
| USA     | Eagan           |
| USA     | Eagan           |
| USA     | Westland        |
| USA     | Dover           |
| USA     | Dover           |
| USA     | New Albany      |
| USA     | New Albany      |
| USA     | New Albany      |
| USA     | New Albany      |
| USA     | New York City   |
| USA     | New York City   |
| USA     | Troy            |
| USA     | Troy            |
| USA     | Troy            |
| USA     | Troy            |
| USA     | Troy            |
| USA     | Troy            |
| USA     | Troy            |
| USA     | Los Angeles     |
| USA     | Los Angeles     |
| USA     | Los Angeles     |
| USA     | Los Angeles     |
| USA     | Chicago         |
| USA     | Gilbert         |
| USA     | Gilbert         |
| USA     | Springfield     |
| USA     | New York City   |
| USA     | Jackson         |
| USA     | Memphis         |
| USA     | Memphis         |
| USA     | Memphis         |
| USA     | Houston         |
| USA     | Houston         |
| USA     | Houston         |
| USA     | Decatur         |
| USA     | Decatur         |
| USA     | San Francisco   |
| USA     | San Francisco   |
| USA     | Durham          |
| USA     | Chicago         |
| USA     | Columbia        |
| USA     | Rochester       |
| USA     | Rochester       |
| USA     | Houston         |
| USA     | Los Angeles     |
| USA     | Los Angeles     |
| USA     | Los Angeles     |
| USA     | Minneapolis     |
| USA     | Minneapolis     |
| USA     | Minneapolis     |
| USA     | Portland        |
| USA     | New York City   |
| USA     | San Francisco   |
| USA     | Saint Paul      |
| USA     | Chicago         |
| USA     | Chicago         |
| USA     | Chicago         |
| USA     | Rochester       |
| USA     | Aurora          |
| USA     | Aurora          |
| USA     | Charlotte       |
| USA     | Charlotte       |
| USA     | Charlotte       |
| USA     | Orland Park     |
| USA     | New York City   |
| USA     | Urbandale       |
| USA     | Urbandale       |
| USA     | Columbus        |
| USA     | Columbus        |
| USA     | Columbus        |
| USA     | Columbus        |
| USA     | Seattle         |
| USA     | Bristol         |
| USA     | Wilmington      |
| USA     | Wilmington      |
| USA     | Wilmington      |
| USA     | Wilmington      |
| USA     | Wilmington      |
| USA     | Houston         |
| USA     | Bloomington     |
| USA     | Phoenix         |
| USA     | Phoenix         |
| USA     | Los Angeles     |
| USA     | Los Angeles     |
| USA     | Columbus        |
| USA     | Columbus        |
| USA     | Columbus        |
| USA     | Roseville       |
| USA     | Roseville       |
| USA     | Roseville       |
| USA     | Roseville       |
+---------+-----------------+
134 rows in set (0.00 sec)

mysql> SELECT Order_ID, Country, City  from wallmart;
ERROR 1054 (42S22): Unknown column 'Order_ID' in 'field list'
mysql> SELECT OrderID, Country, City  from wallmart;
ERROR 1054 (42S22): Unknown column 'OrderID' in 'field list'
mysql> SELECT Order ID, Country, City  from wallmart;
ERROR 1064 (42000): You have an error in your SQL syntax; check the manual that corresponds to your MySQL server version for the right syntax to use near 'Order ID, Country, City  from wallmart' at line 1
mysql> SELECT [Order ID], Country, City  from wallmart;\
ERROR 1064 (42000): You have an error in your SQL syntax; check the manual that corresponds to your MySQL server version for the right syntax to use near '[Order ID], Country, City  from wallmart' at line 1
mysql> SELECT [Order ID], Country, City  from wallmart;
ERROR 1064 (42000): You have an error in your SQL syntax; check the manual that corresponds to your MySQL server version for the right syntax to use near '[Order ID], Country, City  from wallmart' at line 1
mysql> SELECT [Order ID],[ Country], [City]  from wallmart;
ERROR 1064 (42000): You have an error in your SQL syntax; check the manual that corresponds to your MySQL server version for the right syntax to use near '[Order ID],[ Country], [City]  from wallmart' at line 1
mysql> SELECT Country, City  from wallmart;
+---------+-----------------+
| Country | City            |
+---------+-----------------+
| USA     | Henderson       |
| USA     | Henderson       |
| USA     | Los Angeles     |
| USA     | Fort Lauderdale |
| USA     | Fort Lauderdale |
| USA     | Los Angeles     |
| USA     | Los Angeles     |
| USA     | Los Angeles     |
| USA     | Los Angeles     |
| USA     | Los Angeles     |
| USA     | Los Angeles     |
| USA     | Los Angeles     |
| USA     | Concord         |
| USA     | Seattle         |
| USA     | Fort Worth      |
| USA     | Fort Worth      |
| USA     | Madison         |
| USA     | West Jordan     |
| USA     | San Francisco   |
| USA     | San Francisco   |
| USA     | San Francisco   |
| USA     | Fremont         |
| USA     | Fremont         |
| USA     | Philadelphia    |
| USA     | Orem            |
| USA     | Los Angeles     |
| USA     | Los Angeles     |
| USA     | Philadelphia    |
| USA     | Philadelphia    |
| USA     | Philadelphia    |
| USA     | Philadelphia    |
| USA     | Philadelphia    |
| USA     | Philadelphia    |
| USA     | Houston         |
| USA     | Richardson      |
| USA     | Richardson      |
| USA     | Houston         |
| USA     | Houston         |
| USA     | Houston         |
| USA     | Houston         |
| USA     | Naperville      |
| USA     | Los Angeles     |
| USA     | Melbourne       |
| USA     | Eagan           |
| USA     | Eagan           |
| USA     | Westland        |
| USA     | Dover           |
| USA     | Dover           |
| USA     | New Albany      |
| USA     | New Albany      |
| USA     | New Albany      |
| USA     | New Albany      |
| USA     | New York City   |
| USA     | New York City   |
| USA     | Troy            |
| USA     | Troy            |
| USA     | Troy            |
| USA     | Troy            |
| USA     | Troy            |
| USA     | Troy            |
| USA     | Troy            |
| USA     | Los Angeles     |
| USA     | Los Angeles     |
| USA     | Los Angeles     |
| USA     | Los Angeles     |
| USA     | Chicago         |
| USA     | Gilbert         |
| USA     | Gilbert         |
| USA     | Springfield     |
| USA     | New York City   |
| USA     | Jackson         |
| USA     | Memphis         |
| USA     | Memphis         |
| USA     | Memphis         |
| USA     | Houston         |
| USA     | Houston         |
| USA     | Houston         |
| USA     | Decatur         |
| USA     | Decatur         |
| USA     | San Francisco   |
| USA     | San Francisco   |
| USA     | Durham          |
| USA     | Chicago         |
| USA     | Columbia        |
| USA     | Rochester       |
| USA     | Rochester       |
| USA     | Houston         |
| USA     | Los Angeles     |
| USA     | Los Angeles     |
| USA     | Los Angeles     |
| USA     | Minneapolis     |
| USA     | Minneapolis     |
| USA     | Minneapolis     |
| USA     | Portland        |
| USA     | New York City   |
| USA     | San Francisco   |
| USA     | Saint Paul      |
| USA     | Chicago         |
| USA     | Chicago         |
| USA     | Chicago         |
| USA     | Rochester       |
| USA     | Aurora          |
| USA     | Aurora          |
| USA     | Charlotte       |
| USA     | Charlotte       |
| USA     | Charlotte       |
| USA     | Orland Park     |
| USA     | New York City   |
| USA     | Urbandale       |
| USA     | Urbandale       |
| USA     | Columbus        |
| USA     | Columbus        |
| USA     | Columbus        |
| USA     | Columbus        |
| USA     | Seattle         |
| USA     | Bristol         |
| USA     | Wilmington      |
| USA     | Wilmington      |
| USA     | Wilmington      |
| USA     | Wilmington      |
| USA     | Wilmington      |
| USA     | Houston         |
| USA     | Bloomington     |
| USA     | Phoenix         |
| USA     | Phoenix         |
| USA     | Los Angeles     |
| USA     | Los Angeles     |
| USA     | Columbus        |
| USA     | Columbus        |
| USA     | Columbus        |
| USA     | Roseville       |
| USA     | Roseville       |
| USA     | Roseville       |
| USA     | Roseville       |
+---------+-----------------+
134 rows in set (0.00 sec)

mysql> SELECT [Order ID],Country, City  from wallmart;
ERROR 1064 (42000): You have an error in your SQL syntax; check the manual that corresponds to your MySQL server version for the right syntax to use near '[Order ID],Country, City  from wallmart' at line 1
mysql> SELECT 'Order ID',Country, City  from wallmart;
+----------+---------+-----------------+
| Order ID | Country | City            |
+----------+---------+-----------------+
| Order ID | USA     | Henderson       |
| Order ID | USA     | Henderson       |
| Order ID | USA     | Los Angeles     |
| Order ID | USA     | Fort Lauderdale |
| Order ID | USA     | Fort Lauderdale |
| Order ID | USA     | Los Angeles     |
| Order ID | USA     | Los Angeles     |
| Order ID | USA     | Los Angeles     |
| Order ID | USA     | Los Angeles     |
| Order ID | USA     | Los Angeles     |
| Order ID | USA     | Los Angeles     |
| Order ID | USA     | Los Angeles     |
| Order ID | USA     | Concord         |
| Order ID | USA     | Seattle         |
| Order ID | USA     | Fort Worth      |
| Order ID | USA     | Fort Worth      |
| Order ID | USA     | Madison         |
| Order ID | USA     | West Jordan     |
| Order ID | USA     | San Francisco   |
| Order ID | USA     | San Francisco   |
| Order ID | USA     | San Francisco   |
| Order ID | USA     | Fremont         |
| Order ID | USA     | Fremont         |
| Order ID | USA     | Philadelphia    |
| Order ID | USA     | Orem            |
| Order ID | USA     | Los Angeles     |
| Order ID | USA     | Los Angeles     |
| Order ID | USA     | Philadelphia    |
| Order ID | USA     | Philadelphia    |
| Order ID | USA     | Philadelphia    |
| Order ID | USA     | Philadelphia    |
| Order ID | USA     | Philadelphia    |
| Order ID | USA     | Philadelphia    |
| Order ID | USA     | Houston         |
| Order ID | USA     | Richardson      |
| Order ID | USA     | Richardson      |
| Order ID | USA     | Houston         |
| Order ID | USA     | Houston         |
| Order ID | USA     | Houston         |
| Order ID | USA     | Houston         |
| Order ID | USA     | Naperville      |
| Order ID | USA     | Los Angeles     |
| Order ID | USA     | Melbourne       |
| Order ID | USA     | Eagan           |
| Order ID | USA     | Eagan           |
| Order ID | USA     | Westland        |
| Order ID | USA     | Dover           |
| Order ID | USA     | Dover           |
| Order ID | USA     | New Albany      |
| Order ID | USA     | New Albany      |
| Order ID | USA     | New Albany      |
| Order ID | USA     | New Albany      |
| Order ID | USA     | New York City   |
| Order ID | USA     | New York City   |
| Order ID | USA     | Troy            |
| Order ID | USA     | Troy            |
| Order ID | USA     | Troy            |
| Order ID | USA     | Troy            |
| Order ID | USA     | Troy            |
| Order ID | USA     | Troy            |
| Order ID | USA     | Troy            |
| Order ID | USA     | Los Angeles     |
| Order ID | USA     | Los Angeles     |
| Order ID | USA     | Los Angeles     |
| Order ID | USA     | Los Angeles     |
| Order ID | USA     | Chicago         |
| Order ID | USA     | Gilbert         |
| Order ID | USA     | Gilbert         |
| Order ID | USA     | Springfield     |
| Order ID | USA     | New York City   |
| Order ID | USA     | Jackson         |
| Order ID | USA     | Memphis         |
| Order ID | USA     | Memphis         |
| Order ID | USA     | Memphis         |
| Order ID | USA     | Houston         |
| Order ID | USA     | Houston         |
| Order ID | USA     | Houston         |
| Order ID | USA     | Decatur         |
| Order ID | USA     | Decatur         |
| Order ID | USA     | San Francisco   |
| Order ID | USA     | San Francisco   |
| Order ID | USA     | Durham          |
| Order ID | USA     | Chicago         |
| Order ID | USA     | Columbia        |
| Order ID | USA     | Rochester       |
| Order ID | USA     | Rochester       |
| Order ID | USA     | Houston         |
| Order ID | USA     | Los Angeles     |
| Order ID | USA     | Los Angeles     |
| Order ID | USA     | Los Angeles     |
| Order ID | USA     | Minneapolis     |
| Order ID | USA     | Minneapolis     |
| Order ID | USA     | Minneapolis     |
| Order ID | USA     | Portland        |
| Order ID | USA     | New York City   |
| Order ID | USA     | San Francisco   |
| Order ID | USA     | Saint Paul      |
| Order ID | USA     | Chicago         |
| Order ID | USA     | Chicago         |
| Order ID | USA     | Chicago         |
| Order ID | USA     | Rochester       |
| Order ID | USA     | Aurora          |
| Order ID | USA     | Aurora          |
| Order ID | USA     | Charlotte       |
| Order ID | USA     | Charlotte       |
| Order ID | USA     | Charlotte       |
| Order ID | USA     | Orland Park     |
| Order ID | USA     | New York City   |
| Order ID | USA     | Urbandale       |
| Order ID | USA     | Urbandale       |
| Order ID | USA     | Columbus        |
| Order ID | USA     | Columbus        |
| Order ID | USA     | Columbus        |
| Order ID | USA     | Columbus        |
| Order ID | USA     | Seattle         |
| Order ID | USA     | Bristol         |
| Order ID | USA     | Wilmington      |
| Order ID | USA     | Wilmington      |
| Order ID | USA     | Wilmington      |
| Order ID | USA     | Wilmington      |
| Order ID | USA     | Wilmington      |
| Order ID | USA     | Houston         |
| Order ID | USA     | Bloomington     |
| Order ID | USA     | Phoenix         |
| Order ID | USA     | Phoenix         |
| Order ID | USA     | Los Angeles     |
| Order ID | USA     | Los Angeles     |
| Order ID | USA     | Columbus        |
| Order ID | USA     | Columbus        |
| Order ID | USA     | Columbus        |
| Order ID | USA     | Roseville       |
| Order ID | USA     | Roseville       |
| Order ID | USA     | Roseville       |
| Order ID | USA     | Roseville       |
+----------+---------+-----------------+
134 rows in set (0.00 sec)

mysql> SELECT "Order ID",Country, City  from wallmart;
+----------+---------+-----------------+
| Order ID | Country | City            |
+----------+---------+-----------------+
| Order ID | USA     | Henderson       |
| Order ID | USA     | Henderson       |
| Order ID | USA     | Los Angeles     |
| Order ID | USA     | Fort Lauderdale |
| Order ID | USA     | Fort Lauderdale |
| Order ID | USA     | Los Angeles     |
| Order ID | USA     | Los Angeles     |
| Order ID | USA     | Los Angeles     |
| Order ID | USA     | Los Angeles     |
| Order ID | USA     | Los Angeles     |
| Order ID | USA     | Los Angeles     |
| Order ID | USA     | Los Angeles     |
| Order ID | USA     | Concord         |
| Order ID | USA     | Seattle         |
| Order ID | USA     | Fort Worth      |
| Order ID | USA     | Fort Worth      |
| Order ID | USA     | Madison         |
| Order ID | USA     | West Jordan     |
| Order ID | USA     | San Francisco   |
| Order ID | USA     | San Francisco   |
| Order ID | USA     | San Francisco   |
| Order ID | USA     | Fremont         |
| Order ID | USA     | Fremont         |
| Order ID | USA     | Philadelphia    |
| Order ID | USA     | Orem            |
| Order ID | USA     | Los Angeles     |
| Order ID | USA     | Los Angeles     |
| Order ID | USA     | Philadelphia    |
| Order ID | USA     | Philadelphia    |
| Order ID | USA     | Philadelphia    |
| Order ID | USA     | Philadelphia    |
| Order ID | USA     | Philadelphia    |
| Order ID | USA     | Philadelphia    |
| Order ID | USA     | Houston         |
| Order ID | USA     | Richardson      |
| Order ID | USA     | Richardson      |
| Order ID | USA     | Houston         |
| Order ID | USA     | Houston         |
| Order ID | USA     | Houston         |
| Order ID | USA     | Houston         |
| Order ID | USA     | Naperville      |
| Order ID | USA     | Los Angeles     |
| Order ID | USA     | Melbourne       |
| Order ID | USA     | Eagan           |
| Order ID | USA     | Eagan           |
| Order ID | USA     | Westland        |
| Order ID | USA     | Dover           |
| Order ID | USA     | Dover           |
| Order ID | USA     | New Albany      |
| Order ID | USA     | New Albany      |
| Order ID | USA     | New Albany      |
| Order ID | USA     | New Albany      |
| Order ID | USA     | New York City   |
| Order ID | USA     | New York City   |
| Order ID | USA     | Troy            |
| Order ID | USA     | Troy            |
| Order ID | USA     | Troy            |
| Order ID | USA     | Troy            |
| Order ID | USA     | Troy            |
| Order ID | USA     | Troy            |
| Order ID | USA     | Troy            |
| Order ID | USA     | Los Angeles     |
| Order ID | USA     | Los Angeles     |
| Order ID | USA     | Los Angeles     |
| Order ID | USA     | Los Angeles     |
| Order ID | USA     | Chicago         |
| Order ID | USA     | Gilbert         |
| Order ID | USA     | Gilbert         |
| Order ID | USA     | Springfield     |
| Order ID | USA     | New York City   |
| Order ID | USA     | Jackson         |
| Order ID | USA     | Memphis         |
| Order ID | USA     | Memphis         |
| Order ID | USA     | Memphis         |
| Order ID | USA     | Houston         |
| Order ID | USA     | Houston         |
| Order ID | USA     | Houston         |
| Order ID | USA     | Decatur         |
| Order ID | USA     | Decatur         |
| Order ID | USA     | San Francisco   |
| Order ID | USA     | San Francisco   |
| Order ID | USA     | Durham          |
| Order ID | USA     | Chicago         |
| Order ID | USA     | Columbia        |
| Order ID | USA     | Rochester       |
| Order ID | USA     | Rochester       |
| Order ID | USA     | Houston         |
| Order ID | USA     | Los Angeles     |
| Order ID | USA     | Los Angeles     |
| Order ID | USA     | Los Angeles     |
| Order ID | USA     | Minneapolis     |
| Order ID | USA     | Minneapolis     |
| Order ID | USA     | Minneapolis     |
| Order ID | USA     | Portland        |
| Order ID | USA     | New York City   |
| Order ID | USA     | San Francisco   |
| Order ID | USA     | Saint Paul      |
| Order ID | USA     | Chicago         |
| Order ID | USA     | Chicago         |
| Order ID | USA     | Chicago         |
| Order ID | USA     | Rochester       |
| Order ID | USA     | Aurora          |
| Order ID | USA     | Aurora          |
| Order ID | USA     | Charlotte       |
| Order ID | USA     | Charlotte       |
| Order ID | USA     | Charlotte       |
| Order ID | USA     | Orland Park     |
| Order ID | USA     | New York City   |
| Order ID | USA     | Urbandale       |
| Order ID | USA     | Urbandale       |
| Order ID | USA     | Columbus        |
| Order ID | USA     | Columbus        |
| Order ID | USA     | Columbus        |
| Order ID | USA     | Columbus        |
| Order ID | USA     | Seattle         |
| Order ID | USA     | Bristol         |
| Order ID | USA     | Wilmington      |
| Order ID | USA     | Wilmington      |
| Order ID | USA     | Wilmington      |
| Order ID | USA     | Wilmington      |
| Order ID | USA     | Wilmington      |
| Order ID | USA     | Houston         |
| Order ID | USA     | Bloomington     |
| Order ID | USA     | Phoenix         |
| Order ID | USA     | Phoenix         |
| Order ID | USA     | Los Angeles     |
| Order ID | USA     | Los Angeles     |
| Order ID | USA     | Columbus        |
| Order ID | USA     | Columbus        |
| Order ID | USA     | Columbus        |
| Order ID | USA     | Roseville       |
| Order ID | USA     | Roseville       |
| Order ID | USA     | Roseville       |
| Order ID | USA     | Roseville       |
+----------+---------+-----------------+
134 rows in set (0.00 sec)

mysql> SELECT {Order ID},Country, City  from wallmart;
ERROR 1064 (42000): You have an error in your SQL syntax; check the manual that corresponds to your MySQL server version for the right syntax to use near 'Order ID},Country, City  from wallmart' at line 1
mysql> SELECT (Order ID),Country, City  from wallmart;
ERROR 1064 (42000): You have an error in your SQL syntax; check the manual that corresponds to your MySQL server version for the right syntax to use near 'Order ID),Country, City  from wallmart' at line 1
mysql> SELECT Order ID,Country, City  from wallmart;
ERROR 1064 (42000): You have an error in your SQL syntax; check the manual that corresponds to your MySQL server version for the right syntax to use near 'Order ID,Country, City  from wallmart' at line 1
mysql> SELECT 'Order ID','Country', City  from wallmart;
+----------+---------+-----------------+
| Order ID | Country | City            |
+----------+---------+-----------------+
| Order ID | Country | Henderson       |
| Order ID | Country | Henderson       |
| Order ID | Country | Los Angeles     |
| Order ID | Country | Fort Lauderdale |
| Order ID | Country | Fort Lauderdale |
| Order ID | Country | Los Angeles     |
| Order ID | Country | Los Angeles     |
| Order ID | Country | Los Angeles     |
| Order ID | Country | Los Angeles     |
| Order ID | Country | Los Angeles     |
| Order ID | Country | Los Angeles     |
| Order ID | Country | Los Angeles     |
| Order ID | Country | Concord         |
| Order ID | Country | Seattle         |
| Order ID | Country | Fort Worth      |
| Order ID | Country | Fort Worth      |
| Order ID | Country | Madison         |
| Order ID | Country | West Jordan     |
| Order ID | Country | San Francisco   |
| Order ID | Country | San Francisco   |
| Order ID | Country | San Francisco   |
| Order ID | Country | Fremont         |
| Order ID | Country | Fremont         |
| Order ID | Country | Philadelphia    |
| Order ID | Country | Orem            |
| Order ID | Country | Los Angeles     |
| Order ID | Country | Los Angeles     |
| Order ID | Country | Philadelphia    |
| Order ID | Country | Philadelphia    |
| Order ID | Country | Philadelphia    |
| Order ID | Country | Philadelphia    |
| Order ID | Country | Philadelphia    |
| Order ID | Country | Philadelphia    |
| Order ID | Country | Houston         |
| Order ID | Country | Richardson      |
| Order ID | Country | Richardson      |
| Order ID | Country | Houston         |
| Order ID | Country | Houston         |
| Order ID | Country | Houston         |
| Order ID | Country | Houston         |
| Order ID | Country | Naperville      |
| Order ID | Country | Los Angeles     |
| Order ID | Country | Melbourne       |
| Order ID | Country | Eagan           |
| Order ID | Country | Eagan           |
| Order ID | Country | Westland        |
| Order ID | Country | Dover           |
| Order ID | Country | Dover           |
| Order ID | Country | New Albany      |
| Order ID | Country | New Albany      |
| Order ID | Country | New Albany      |
| Order ID | Country | New Albany      |
| Order ID | Country | New York City   |
| Order ID | Country | New York City   |
| Order ID | Country | Troy            |
| Order ID | Country | Troy            |
| Order ID | Country | Troy            |
| Order ID | Country | Troy            |
| Order ID | Country | Troy            |
| Order ID | Country | Troy            |
| Order ID | Country | Troy            |
| Order ID | Country | Los Angeles     |
| Order ID | Country | Los Angeles     |
| Order ID | Country | Los Angeles     |
| Order ID | Country | Los Angeles     |
| Order ID | Country | Chicago         |
| Order ID | Country | Gilbert         |
| Order ID | Country | Gilbert         |
| Order ID | Country | Springfield     |
| Order ID | Country | New York City   |
| Order ID | Country | Jackson         |
| Order ID | Country | Memphis         |
| Order ID | Country | Memphis         |
| Order ID | Country | Memphis         |
| Order ID | Country | Houston         |
| Order ID | Country | Houston         |
| Order ID | Country | Houston         |
| Order ID | Country | Decatur         |
| Order ID | Country | Decatur         |
| Order ID | Country | San Francisco   |
| Order ID | Country | San Francisco   |
| Order ID | Country | Durham          |
| Order ID | Country | Chicago         |
| Order ID | Country | Columbia        |
| Order ID | Country | Rochester       |
| Order ID | Country | Rochester       |
| Order ID | Country | Houston         |
| Order ID | Country | Los Angeles     |
| Order ID | Country | Los Angeles     |
| Order ID | Country | Los Angeles     |
| Order ID | Country | Minneapolis     |
| Order ID | Country | Minneapolis     |
| Order ID | Country | Minneapolis     |
| Order ID | Country | Portland        |
| Order ID | Country | New York City   |
| Order ID | Country | San Francisco   |
| Order ID | Country | Saint Paul      |
| Order ID | Country | Chicago         |
| Order ID | Country | Chicago         |
| Order ID | Country | Chicago         |
| Order ID | Country | Rochester       |
| Order ID | Country | Aurora          |
| Order ID | Country | Aurora          |
| Order ID | Country | Charlotte       |
| Order ID | Country | Charlotte       |
| Order ID | Country | Charlotte       |
| Order ID | Country | Orland Park     |
| Order ID | Country | New York City   |
| Order ID | Country | Urbandale       |
| Order ID | Country | Urbandale       |
| Order ID | Country | Columbus        |
| Order ID | Country | Columbus        |
| Order ID | Country | Columbus        |
| Order ID | Country | Columbus        |
| Order ID | Country | Seattle         |
| Order ID | Country | Bristol         |
| Order ID | Country | Wilmington      |
| Order ID | Country | Wilmington      |
| Order ID | Country | Wilmington      |
| Order ID | Country | Wilmington      |
| Order ID | Country | Wilmington      |
| Order ID | Country | Houston         |
| Order ID | Country | Bloomington     |
| Order ID | Country | Phoenix         |
| Order ID | Country | Phoenix         |
| Order ID | Country | Los Angeles     |
| Order ID | Country | Los Angeles     |
| Order ID | Country | Columbus        |
| Order ID | Country | Columbus        |
| Order ID | Country | Columbus        |
| Order ID | Country | Roseville       |
| Order ID | Country | Roseville       |
| Order ID | Country | Roseville       |
| Order ID | Country | Roseville       |
+----------+---------+-----------------+
134 rows in set (0.00 sec)

mysql> SELECT  wallmart.[Order ID];
ERROR 1064 (42000): You have an error in your SQL syntax; check the manual that corresponds to your MySQL server version for the right syntax to use near '[Order ID]' at line 1
mysql> SELECT `Order ID`,Country, City  from wallmart;
+----------------+---------+-----------------+
| Order ID       | Country | City            |
+----------------+---------+-----------------+
| CA-2013-152156 | USA     | Henderson       |
| CA-2013-152156 | USA     | Henderson       |
| CA-2013-138688 | USA     | Los Angeles     |
| US-2012-108966 | USA     | Fort Lauderdale |
| US-2012-108966 | USA     | Fort Lauderdale |
| CA-2011-115812 | USA     | Los Angeles     |
| CA-2011-115812 | USA     | Los Angeles     |
| CA-2011-115812 | USA     | Los Angeles     |
| CA-2011-115812 | USA     | Los Angeles     |
| CA-2011-115812 | USA     | Los Angeles     |
| CA-2011-115812 | USA     | Los Angeles     |
| CA-2011-115812 | USA     | Los Angeles     |
| CA-2014-114412 | USA     | Concord         |
| CA-2013-161389 | USA     | Seattle         |
| US-2012-118983 | USA     | Fort Worth      |
| US-2012-118983 | USA     | Fort Worth      |
| CA-2011-105893 | USA     | Madison         |
| CA-2011-167164 | USA     | West Jordan     |
| CA-2011-143336 | USA     | San Francisco   |
| CA-2011-143336 | USA     | San Francisco   |
| CA-2011-143336 | USA     | San Francisco   |
| CA-2013-137330 | USA     | Fremont         |
| CA-2013-137330 | USA     | Fremont         |
| US-2014-156909 | USA     | Philadelphia    |
| CA-2012-106320 | USA     | Orem            |
| CA-2013-121755 | USA     | Los Angeles     |
| CA-2013-121755 | USA     | Los Angeles     |
| US-2012-150630 | USA     | Philadelphia    |
| US-2012-150630 | USA     | Philadelphia    |
| US-2012-150630 | USA     | Philadelphia    |
| US-2012-150630 | USA     | Philadelphia    |
| US-2012-150630 | USA     | Philadelphia    |
| US-2012-150630 | USA     | Philadelphia    |
| CA-2014-107727 | USA     | Houston         |
| CA-2013-117590 | USA     | Richardson      |
| CA-2013-117590 | USA     | Richardson      |
| CA-2012-117415 | USA     | Houston         |
| CA-2012-117415 | USA     | Houston         |
| CA-2012-117415 | USA     | Houston         |
| CA-2012-117415 | USA     | Houston         |
| CA-2014-120999 | USA     | Naperville      |
| CA-2013-101343 | USA     | Los Angeles     |
| CA-2014-139619 | USA     | Melbourne       |
| CA-2013-118255 | USA     | Eagan           |
| CA-2013-118255 | USA     | Eagan           |
| CA-2011-146703 | USA     | Westland        |
| CA-2013-169194 | USA     | Dover           |
| CA-2013-169194 | USA     | Dover           |
| CA-2012-115742 | USA     | New Albany      |
| CA-2012-115742 | USA     | New Albany      |
| CA-2012-115742 | USA     | New Albany      |
| CA-2012-115742 | USA     | New Albany      |
| CA-2013-105816 | USA     | New York City   |
| CA-2013-105816 | USA     | New York City   |
| CA-2013-111682 | USA     | Troy            |
| CA-2013-111682 | USA     | Troy            |
| CA-2013-111682 | USA     | Troy            |
| CA-2013-111682 | USA     | Troy            |
| CA-2013-111682 | USA     | Troy            |
| CA-2013-111682 | USA     | Troy            |
| CA-2013-111682 | USA     | Troy            |
| CA-2012-135545 | USA     | Los Angeles     |
| CA-2012-135545 | USA     | Los Angeles     |
| CA-2012-135545 | USA     | Los Angeles     |
| CA-2012-135545 | USA     | Los Angeles     |
| US-2012-164175 | USA     | Chicago         |
| CA-2011-106376 | USA     | Gilbert         |
| CA-2011-106376 | USA     | Gilbert         |
| CA-2013-119823 | USA     | Springfield     |
| CA-2013-106075 | USA     | New York City   |
| CA-2014-114440 | USA     | Jackson         |
| US-2012-134026 | USA     | Memphis         |
| US-2012-134026 | USA     | Memphis         |
| US-2012-134026 | USA     | Memphis         |
| US-2014-118038 | USA     | Houston         |
| US-2014-118038 | USA     | Houston         |
| US-2011-147606 | USA     | Houston         |
| CA-2013-127208 | USA     | Decatur         |
| CA-2013-127208 | USA     | Decatur         |
| CA-2011-139451 | USA     | San Francisco   |
| CA-2011-139451 | USA     | San Francisco   |
| CA-2012-149734 | USA     | Durham          |
| US-2014-119662 | USA     | Chicago         |
| CA-2014-140088 | USA     | Columbia        |
| CA-2014-155558 | USA     | Rochester       |
| CA-2014-155558 | USA     | Rochester       |
| CA-2013-159695 | USA     | Houston         |
| CA-2013-109806 | USA     | Los Angeles     |
| CA-2013-109806 | USA     | Los Angeles     |
| CA-2013-109806 | USA     | Los Angeles     |
| CA-2012-149587 | USA     | Minneapolis     |
| CA-2012-149587 | USA     | Minneapolis     |
| CA-2012-149587 | USA     | Minneapolis     |
| US-2014-109484 | USA     | Portland        |
| CA-2014-161018 | USA     | New York City   |
| CA-2014-157833 | USA     | San Francisco   |
| CA-2013-149223 | USA     | Saint Paul      |
| CA-2013-158568 | USA     | Chicago         |
| CA-2013-158568 | USA     | Chicago         |
| CA-2013-158568 | USA     | Chicago         |
| CA-2013-129903 | USA     | Rochester       |
| US-2012-156867 | USA     | Aurora          |
| US-2012-156867 | USA     | Aurora          |
| CA-2014-119004 | USA     | Charlotte       |
| CA-2014-119004 | USA     | Charlotte       |
| CA-2014-119004 | USA     | Charlotte       |
| CA-2012-129476 | USA     | Orland Park     |
| CA-2014-146780 | USA     | New York City   |
| CA-2013-128867 | USA     | Urbandale       |
| CA-2013-128867 | USA     | Urbandale       |
| CA-2011-115259 | USA     | Columbus        |
| CA-2011-115259 | USA     | Columbus        |
| CA-2011-115259 | USA     | Columbus        |
| CA-2011-115259 | USA     | Columbus        |
| CA-2012-110457 | USA     | Seattle         |
| US-2012-136476 | USA     | Bristol         |
| CA-2013-103730 | USA     | Wilmington      |
| CA-2013-103730 | USA     | Wilmington      |
| CA-2013-103730 | USA     | Wilmington      |
| CA-2013-103730 | USA     | Wilmington      |
| CA-2013-103730 | USA     | Wilmington      |
| US-2011-152030 | USA     | Houston         |
| US-2011-134614 | USA     | Bloomington     |
| US-2014-107272 | USA     | Phoenix         |
| US-2014-107272 | USA     | Phoenix         |
| US-2013-125969 | USA     | Los Angeles     |
| US-2013-125969 | USA     | Los Angeles     |
| US-2014-164147 | USA     | Columbus        |
| US-2014-164147 | USA     | Columbus        |
| US-2014-164147 | USA     | Columbus        |
| CA-2013-145583 | USA     | Roseville       |
| CA-2013-145583 | USA     | Roseville       |
| CA-2013-145583 | USA     | Roseville       |
| CA-2013-145583 | USA     | Roseville       |
+----------------+---------+-----------------+
134 rows in set (0.00 sec)

mysql>
mysql> SELECT `Order ID`,Country, City  from wallmart;
+----------------+---------+-----------------+
| Order ID       | Country | City            |
+----------------+---------+-----------------+
| CA-2013-152156 | USA     | Henderson       |
| CA-2013-152156 | USA     | Henderson       |
| CA-2013-138688 | USA     | Los Angeles     |
| US-2012-108966 | USA     | Fort Lauderdale |
| US-2012-108966 | USA     | Fort Lauderdale |
| CA-2011-115812 | USA     | Los Angeles     |
| CA-2011-115812 | USA     | Los Angeles     |
| CA-2011-115812 | USA     | Los Angeles     |
| CA-2011-115812 | USA     | Los Angeles     |
| CA-2011-115812 | USA     | Los Angeles     |
| CA-2011-115812 | USA     | Los Angeles     |
| CA-2011-115812 | USA     | Los Angeles     |
| CA-2014-114412 | USA     | Concord         |
| CA-2013-161389 | USA     | Seattle         |
| US-2012-118983 | USA     | Fort Worth      |
| US-2012-118983 | USA     | Fort Worth      |
| CA-2011-105893 | USA     | Madison         |
| CA-2011-167164 | USA     | West Jordan     |
| CA-2011-143336 | USA     | San Francisco   |
| CA-2011-143336 | USA     | San Francisco   |
| CA-2011-143336 | USA     | San Francisco   |
| CA-2013-137330 | USA     | Fremont         |
| CA-2013-137330 | USA     | Fremont         |
| US-2014-156909 | USA     | Philadelphia    |
| CA-2012-106320 | USA     | Orem            |
| CA-2013-121755 | USA     | Los Angeles     |
| CA-2013-121755 | USA     | Los Angeles     |
| US-2012-150630 | USA     | Philadelphia    |
| US-2012-150630 | USA     | Philadelphia    |
| US-2012-150630 | USA     | Philadelphia    |
| US-2012-150630 | USA     | Philadelphia    |
| US-2012-150630 | USA     | Philadelphia    |
| US-2012-150630 | USA     | Philadelphia    |
| CA-2014-107727 | USA     | Houston         |
| CA-2013-117590 | USA     | Richardson      |
| CA-2013-117590 | USA     | Richardson      |
| CA-2012-117415 | USA     | Houston         |
| CA-2012-117415 | USA     | Houston         |
| CA-2012-117415 | USA     | Houston         |
| CA-2012-117415 | USA     | Houston         |
| CA-2014-120999 | USA     | Naperville      |
| CA-2013-101343 | USA     | Los Angeles     |
| CA-2014-139619 | USA     | Melbourne       |
| CA-2013-118255 | USA     | Eagan           |
| CA-2013-118255 | USA     | Eagan           |
| CA-2011-146703 | USA     | Westland        |
| CA-2013-169194 | USA     | Dover           |
| CA-2013-169194 | USA     | Dover           |
| CA-2012-115742 | USA     | New Albany      |
| CA-2012-115742 | USA     | New Albany      |
| CA-2012-115742 | USA     | New Albany      |
| CA-2012-115742 | USA     | New Albany      |
| CA-2013-105816 | USA     | New York City   |
| CA-2013-105816 | USA     | New York City   |
| CA-2013-111682 | USA     | Troy            |
| CA-2013-111682 | USA     | Troy            |
| CA-2013-111682 | USA     | Troy            |
| CA-2013-111682 | USA     | Troy            |
| CA-2013-111682 | USA     | Troy            |
| CA-2013-111682 | USA     | Troy            |
| CA-2013-111682 | USA     | Troy            |
| CA-2012-135545 | USA     | Los Angeles     |
| CA-2012-135545 | USA     | Los Angeles     |
| CA-2012-135545 | USA     | Los Angeles     |
| CA-2012-135545 | USA     | Los Angeles     |
| US-2012-164175 | USA     | Chicago         |
| CA-2011-106376 | USA     | Gilbert         |
| CA-2011-106376 | USA     | Gilbert         |
| CA-2013-119823 | USA     | Springfield     |
| CA-2013-106075 | USA     | New York City   |
| CA-2014-114440 | USA     | Jackson         |
| US-2012-134026 | USA     | Memphis         |
| US-2012-134026 | USA     | Memphis         |
| US-2012-134026 | USA     | Memphis         |
| US-2014-118038 | USA     | Houston         |
| US-2014-118038 | USA     | Houston         |
| US-2011-147606 | USA     | Houston         |
| CA-2013-127208 | USA     | Decatur         |
| CA-2013-127208 | USA     | Decatur         |
| CA-2011-139451 | USA     | San Francisco   |
| CA-2011-139451 | USA     | San Francisco   |
| CA-2012-149734 | USA     | Durham          |
| US-2014-119662 | USA     | Chicago         |
| CA-2014-140088 | USA     | Columbia        |
| CA-2014-155558 | USA     | Rochester       |
| CA-2014-155558 | USA     | Rochester       |
| CA-2013-159695 | USA     | Houston         |
| CA-2013-109806 | USA     | Los Angeles     |
| CA-2013-109806 | USA     | Los Angeles     |
| CA-2013-109806 | USA     | Los Angeles     |
| CA-2012-149587 | USA     | Minneapolis     |
| CA-2012-149587 | USA     | Minneapolis     |
| CA-2012-149587 | USA     | Minneapolis     |
| US-2014-109484 | USA     | Portland        |
| CA-2014-161018 | USA     | New York City   |
| CA-2014-157833 | USA     | San Francisco   |
| CA-2013-149223 | USA     | Saint Paul      |
| CA-2013-158568 | USA     | Chicago         |
| CA-2013-158568 | USA     | Chicago         |
| CA-2013-158568 | USA     | Chicago         |
| CA-2013-129903 | USA     | Rochester       |
| US-2012-156867 | USA     | Aurora          |
| US-2012-156867 | USA     | Aurora          |
| CA-2014-119004 | USA     | Charlotte       |
| CA-2014-119004 | USA     | Charlotte       |
| CA-2014-119004 | USA     | Charlotte       |
| CA-2012-129476 | USA     | Orland Park     |
| CA-2014-146780 | USA     | New York City   |
| CA-2013-128867 | USA     | Urbandale       |
| CA-2013-128867 | USA     | Urbandale       |
| CA-2011-115259 | USA     | Columbus        |
| CA-2011-115259 | USA     | Columbus        |
| CA-2011-115259 | USA     | Columbus        |
| CA-2011-115259 | USA     | Columbus        |
| CA-2012-110457 | USA     | Seattle         |
| US-2012-136476 | USA     | Bristol         |
| CA-2013-103730 | USA     | Wilmington      |
| CA-2013-103730 | USA     | Wilmington      |
| CA-2013-103730 | USA     | Wilmington      |
| CA-2013-103730 | USA     | Wilmington      |
| CA-2013-103730 | USA     | Wilmington      |
| US-2011-152030 | USA     | Houston         |
| US-2011-134614 | USA     | Bloomington     |
| US-2014-107272 | USA     | Phoenix         |
| US-2014-107272 | USA     | Phoenix         |
| US-2013-125969 | USA     | Los Angeles     |
| US-2013-125969 | USA     | Los Angeles     |
| US-2014-164147 | USA     | Columbus        |
| US-2014-164147 | USA     | Columbus        |
| US-2014-164147 | USA     | Columbus        |
| CA-2013-145583 | USA     | Roseville       |
| CA-2013-145583 | USA     | Roseville       |
| CA-2013-145583 | USA     | Roseville       |
| CA-2013-145583 | USA     | Roseville       |
+----------------+---------+-----------------+
134 rows in set (0.00 sec)

mysql> ALTER TABLE wallmart RENAME COLUMN MyUnknownColumn TO SerialNo;
Query OK, 0 rows affected (0.10 sec)
Records: 0  Duplicates: 0  Warnings: 0

mysql> select * from wallmart limit 5;
+----------+----------------+------------+------------+-----------------+---------+-----------------+------------+-------------+--------+-----------------+--------------+-------------------------------------------------------------+----------+----------+----------+----------+
| SerialNo | Order ID       | Order Date | Ship Date  | Customer Name   | Country | City            | State      | Postal Code | Region | Category        | Sub-Category | Product Name                                                | Sales    | Quantity | Discount | Profit   |
+----------+----------------+------------+------------+-----------------+---------+-----------------+------------+-------------+--------+-----------------+--------------+-------------------------------------------------------------+----------+----------+----------+----------+
|        0 | CA-2013-152156 | 09-11-2013 | 12-11-2013 | Claire Gute     | USA     | Henderson       | Kentucky   |       42420 | South  | Furniture       | Bookcases    | Bush Somerset Collection Bookcase                           |   261.96 |        2 |        0 |  41.9136 |
|        1 | CA-2013-152156 | 09-11-2013 | 12-11-2013 | Claire Gute     | USA     | Henderson       | Kentucky   |       42420 | South  | Furniture       | Chairs       | Hon Deluxe Fabric Upholstered Stacking Chairs, Rounded Back |   731.94 |        3 |        0 |  219.582 |
|        2 | CA-2013-138688 | 13-06-2013 | 17-06-2013 | Darrin Van Huff | USA     | Los Angeles     | California |       90036 | West   | Office Supplies | Labels       | Self-Adhesive Address Labels for Typewriters by Universal   |    14.62 |        2 |        0 |   6.8714 |
|        3 | US-2012-108966 | 11-10-2012 | 18-10-2012 | Sean O'Donnell  | USA     | Fort Lauderdale | Florida    |       33311 | South  | Furniture       | Tables       | Bretford CR4500 Series Slim Rectangular Table               | 957.5775 |        5 |     0.45 | -383.031 |
|        4 | US-2012-108966 | 11-10-2012 | 18-10-2012 | Sean O'Donnell  | USA     | Fort Lauderdale | Florida    |       33311 | South  | Office Supplies | Storage      | Eldon Fold 'N Roll Cart System                              |   22.368 |        2 |      0.2 |   2.5164 |
+----------+----------------+------------+------------+-----------------+---------+-----------------+------------+-------------+--------+-----------------+--------------+-------------------------------------------------------------+----------+----------+----------+----------+
5 rows in set (0.00 sec)

mysql> select *
    -> from wallmart
    -> ORDERED BY `Order Date`
    -> LIMIT 5;
ERROR 1064 (42000): You have an error in your SQL syntax; check the manual that corresponds to your MySQL server version for the right syntax to use near 'BY `Order Date`
LIMIT 5' at line 3
mysql> select *
    -> from wallmart
    -> ORDER BY `Order Date`
    -> LIMIT 5;
+----------+----------------+------------+------------+----------------+---------+-----------+------------+-------------+---------+-----------------+--------------+---------------------------------------------------------------------------+--------+----------+----------+----------+
| SerialNo | Order ID       | Order Date | Ship Date  | Customer Name  | Country | City      | State      | Postal Code | Region  | Category        | Sub-Category | Product Name                                                              | Sales  | Quantity | Discount | Profit   |
+----------+----------------+------------+------------+----------------+---------+-----------+------------+-------------+---------+-----------------+--------------+---------------------------------------------------------------------------+--------+----------+----------+----------+
|      117 | CA-2012-110457 | 02-03-2012 | 06-03-2012 | Dave Kipp      | USA     | Seattle   | Washington |       98103 | West    | Furniture       | Tables       | Hon Racetrack Conference Tables                                           | 787.53 |        3 |        0 | 165.3813 |
|      102 | CA-2013-129903 | 02-12-2013 | 05-12-2013 | Gary Zandusky  | USA     | Rochester | Minnesota  |       55901 | Central | Office Supplies | Paper        | Universal Premium White Copier/Laser Paper (20Lb. and 87 Bright)          |  23.92 |        4 |        0 |  11.7208 |
|      130 | US-2014-164147 | 03-02-2014 | 06-02-2014 | Dorothy Wardle | USA     | Columbus  | Ohio       |       43229 | East    | Technology      | Phones       | Anker 36W 4-Port USB Wall Charger Travel Power Adapter for iPhone 5s 5c 5 |  59.97 |        5 |      0.4 |  -11.994 |
|      131 | US-2014-164147 | 03-02-2014 | 06-02-2014 | Dorothy Wardle | USA     | Columbus  | Ohio       |       43229 | East    | Office Supplies | Paper        | Xerox 1916                                                                | 78.304 |        2 |      0.2 |   29.364 |
|      132 | US-2014-164147 | 03-02-2014 | 06-02-2014 | Dorothy Wardle | USA     | Columbus  | Ohio       |       43229 | East    | Office Supplies | Fasteners    | Staples                                                                   | 21.456 |        9 |      0.2 |   6.9732 |
+----------+----------------+------------+------------+----------------+---------+-----------+------------+-------------+---------+-----------------+--------------+---------------------------------------------------------------------------+--------+----------+----------+----------+
5 rows in set (0.00 sec)

mysql> select *
    -> from wallmart
    -> ORDERED BY `Postal Code`
    -> LIMIT 5;
ERROR 1064 (42000): You have an error in your SQL syntax; check the manual that corresponds to your MySQL server version for the right syntax to use near 'BY `Postal Code`
LIMIT 5' at line 3
mysql> select *
    -> from wallmart
    -> ORDER BY `Postal Code`
    -> LIMIT 5;
+----------+----------------+------------+------------+-------------------+---------+---------------+----------+-------------+--------+-----------------+--------------+------------------------------------------------------------+---------+----------+----------+----------+
| SerialNo | Order ID       | Order Date | Ship Date  | Customer Name     | Country | City          | State    | Postal Code | Region | Category        | Sub-Category | Product Name                                               | Sales   | Quantity | Discount | Profit   |
+----------+----------------+------------+------------+-------------------+---------+---------------+----------+-------------+--------+-----------------+--------------+------------------------------------------------------------+---------+----------+----------+----------+
|       70 | CA-2013-106075 | 19-09-2013 | 24-09-2013 | Henry MacAllister | USA     | New York City | New York |       10009 | East   | Office Supplies | Binders      | Avery Binding System Hidden Tab Executive Style Index Sets |   4.616 |        1 |      0.2 |    1.731 |
|       96 | CA-2014-161018 | 10-11-2014 | 12-11-2014 | Parhena Norris    | USA     | New York City | New York |       10009 | East   | Furniture       | Furnishings  | 9-3/4 Diameter Round Wall Clock                            |   96.53 |        7 |        0 |  40.5426 |
|       54 | CA-2013-105816 | 12-12-2013 | 18-12-2013 | Janet Molinari    | USA     | New York City | New York |       10024 | East   | Technology      | Phones       | AT&T CL83451 4-Handset Telephone                           | 1029.95 |        5 |        0 | 298.6855 |
|       53 | CA-2013-105816 | 12-12-2013 | 18-12-2013 | Janet Molinari    | USA     | New York City | New York |       10024 | East   | Office Supplies | Fasteners    | Advantus Push Pins                                         |   15.26 |        7 |        0 |   6.2566 |
|      110 | CA-2014-146780 | 26-12-2014 | 31-12-2014 | Cynthia Voltz     | USA     | New York City | New York |       10035 | East   | Furniture       | Furnishings  | Magnifier Swing Arm Lamp                                   |   41.96 |        2 |        0 |  10.9096 |
+----------+----------------+------------+------------+-------------------+---------+---------------+----------+-------------+--------+-----------------+--------------+------------------------------------------------------------+---------+----------+----------+----------+
5 rows in set (0.05 sec)

mysql> select *
    -> from wallmart
    -> ORDERED BY `Postal Code` DESC
    -> LIMIT 5;
ERROR 1064 (42000): You have an error in your SQL syntax; check the manual that corresponds to your MySQL server version for the right syntax to use near 'BY `Postal Code` DESC
LIMIT 5' at line 3
mysql> select *
    -> from wallmart
    -> ORDER BY `Postal Code` DESC
    -> LIMIT 5;
+----------+----------------+------------+------------+----------------+---------+-----------+------------+-------------+--------+-----------------+--------------+-------------------------------------------------------+---------+----------+----------+----------+
| SerialNo | Order ID       | Order Date | Ship Date  | Customer Name  | Country | City      | State      | Postal Code | Region | Category        | Sub-Category | Product Name                                          | Sales   | Quantity | Discount | Profit   |
+----------+----------------+------------+------------+----------------+---------+-----------+------------+-------------+--------+-----------------+--------------+-------------------------------------------------------+---------+----------+----------+----------+
|       13 | CA-2013-161389 | 06-12-2013 | 11-12-2013 | Irene Maddox   | USA     | Seattle   | Washington |       98103 | West   | Office Supplies | Binders      | Fellowes PB200 Plastic Comb Binding Machine           | 407.976 |        3 |      0.2 | 132.5922 |
|      117 | CA-2012-110457 | 02-03-2012 | 06-03-2012 | Dave Kipp      | USA     | Seattle   | Washington |       98103 | West   | Furniture       | Tables       | Hon Racetrack Conference Tables                       |  787.53 |        3 |        0 | 165.3813 |
|       95 | US-2014-109484 | 07-11-2014 | 13-11-2014 | Roger Barcio   | USA     | Portland  | Oregon     |       97206 | West   | Office Supplies | Binders      | Flexible Leather- Look Classic Collection Ring Binder |   5.682 |        1 |      0.7 |   -3.788 |
|      135 | CA-2013-145583 | 14-10-2013 | 20-10-2013 | Lena Creighton | USA     | Roseville | California |       95661 | West   | Office Supplies | Art          | Sanford Colorific Colored Pencils, 12/Box             |   11.52 |        4 |        0 |    3.456 |
|      134 | CA-2013-145583 | 14-10-2013 | 20-10-2013 | Lena Creighton | USA     | Roseville | California |       95661 | West   | Office Supplies | Paper        | Xerox 1880                                            |   35.44 |        1 |        0 |  16.6568 |
+----------+----------------+------------+------------+----------------+---------+-----------+------------+-------------+--------+-----------------+--------------+-------------------------------------------------------+---------+----------+----------+----------+
5 rows in set (0.00 sec)

mysql> select `Postal Code`,Profit
    -> from wallmart
    -> order by `Postal Code`,Profit
    -> limit 5;
+-------------+----------+
| Postal Code | Profit   |
+-------------+----------+
|       10009 |    1.731 |
|       10009 |  40.5426 |
|       10024 |   6.2566 |
|       10024 | 298.6855 |
|       10035 |  10.9096 |
+-------------+----------+
5 rows in set (0.00 sec)

mysql> select `Postal Code`,Profit
    -> from wallmart
    -> order by `Postal Code` desc, Profit
    -> limit 5;
+-------------+----------+
| Postal Code | Profit   |
+-------------+----------+
|       98103 | 132.5922 |
|       98103 | 165.3813 |
|       97206 |   -3.788 |
|       95661 |   1.9698 |
|       95661 |    3.456 |
+-------------+----------+
5 rows in set (0.00 sec)

mysql> select `Postal Code`,Profit
    -> from wallmart
    -> order by `Postal Code`,Profit desc
    -> limit 5;
+-------------+----------+
| Postal Code | Profit   |
+-------------+----------+
|       10009 |  40.5426 |
|       10009 |    1.731 |
|       10024 | 298.6855 |
|       10024 |   6.2566 |
|       10035 |  10.9096 |
+-------------+----------+
5 rows in set (0.00 sec)

mysql> select `Postal Code`,Profit
    -> hv;
ERROR 1054 (42S22): Unknown column 'Postal Code' in 'field list'
mysql> select *
    -> from wallmart
    -> where `Postal Code`=10024
    -> order by Profit
    -> Limit 10;
+----------+----------------+------------+------------+----------------+---------+---------------+----------+-------------+--------+-----------------+--------------+----------------------------------+---------+----------+----------+----------+
| SerialNo | Order ID       | Order Date | Ship Date  | Customer Name  | Country | City          | State    | Postal Code | Region | Category        | Sub-Category | Product Name                     | Sales   | Quantity | Discount | Profit   |
+----------+----------------+------------+------------+----------------+---------+---------------+----------+-------------+--------+-----------------+--------------+----------------------------------+---------+----------+----------+----------+
|       53 | CA-2013-105816 | 12-12-2013 | 18-12-2013 | Janet Molinari | USA     | New York City | New York |       10024 | East   | Office Supplies | Fasteners    | Advantus Push Pins               |   15.26 |        7 |        0 |   6.2566 |
|       54 | CA-2013-105816 | 12-12-2013 | 18-12-2013 | Janet Molinari | USA     | New York City | New York |       10024 | East   | Technology      | Phones       | AT&T CL83451 4-Handset Telephone | 1029.95 |        5 |        0 | 298.6855 |
+----------+----------------+------------+------------+----------------+---------+---------------+----------+-------------+--------+-----------------+--------------+----------------------------------+---------+----------+----------+----------+
2 rows in set (0.05 sec)

mysql> select *
    -> from wallmart
    -> where Profit>=10024
    -> order by Profit DESC
    -> LIMIT 10;
Empty set (0.00 sec)

mysql> select *
    -> from wallmart
    -> where Profit>=100
    -> order by Profit DESC
    -> LIMIT 10;
+----------+----------------+------------+------------+----------------+---------+---------------+------------+-------------+---------+-----------------+--------------+---------------------------------------------------------------------+----------+----------+----------+----------+
| SerialNo | Order ID       | Order Date | Ship Date  | Customer Name  | Country | City          | State      | Postal Code | Region  | Category        | Sub-Category | Product Name                                                        | Sales    | Quantity | Discount | Profit   |
+----------+----------------+------------+------------+----------------+---------+---------------+------------+-------------+---------+-----------------+--------------+---------------------------------------------------------------------+----------+----------+----------+----------+
|       54 | CA-2013-105816 | 12-12-2013 | 18-12-2013 | Janet Molinari | USA     | New York City | New York   |       10024 | East    | Technology      | Phones       | AT&T CL83451 4-Handset Telephone                                    |  1029.95 |        5 |        0 | 298.6855 |
|       24 | CA-2012-106320 | 25-09-2012 | 30-09-2012 | Emily Burns    | USA     | Orem          | Utah       |       84057 | West    | Furniture       | Tables       | Bretford CR4500 Series Slim Rectangular Table                       |  1044.63 |        3 |        0 | 240.2649 |
|        1 | CA-2013-152156 | 09-11-2013 | 12-11-2013 | Claire Gute    | USA     | Henderson     | Kentucky   |       42420 | South   | Furniture       | Chairs       | Hon Deluxe Fabric Upholstered Stacking Chairs, Rounded Back         |   731.94 |        3 |        0 |  219.582 |
|      117 | CA-2012-110457 | 02-03-2012 | 06-03-2012 | Dave Kipp      | USA     | Seattle       | Washington |       98103 | West    | Furniture       | Tables       | Hon Racetrack Conference Tables                                     |   787.53 |        3 |        0 | 165.3813 |
|       13 | CA-2013-161389 | 06-12-2013 | 11-12-2013 | Irene Maddox   | USA     | Seattle       | Washington |       98103 | West    | Office Supplies | Binders      | Fellowes PB200 Plastic Comb Binding Machine                         |  407.976 |        3 |      0.2 | 132.5922 |
|       35 | CA-2013-117590 | 09-12-2013 | 11-12-2013 | Gene Hale      | USA     | Richardson    | Texas      |       75080 | Central | Technology      | Phones       | GE 30524EE4                                                         | 1097.544 |        7 |      0.2 | 123.4737 |
|       67 | CA-2011-106376 | 05-12-2011 | 10-12-2011 | Brendan Sweed  | USA     | Gilbert       | Arizona    |       85234 | West    | Office Supplies | Art          | Hunt BOSTON Model 1606 High-Volume Electric Pencil Sharpener, Beige | 1113.024 |        8 |      0.2 | 111.3024 |
+----------+----------------+------------+------------+----------------+---------+---------------+------------+-------------+---------+-----------------+--------------+---------------------------------------------------------------------+----------+----------+----------+----------+
7 rows in set (0.00 sec)

mysql> select *
    -> from wallmart
    -> where Profit>=100
    -> order by Profit DESC
    -> LIMIT 5;
+----------+----------------+------------+------------+----------------+---------+---------------+------------+-------------+--------+-----------------+--------------+-------------------------------------------------------------+---------+----------+----------+----------+
| SerialNo | Order ID       | Order Date | Ship Date  | Customer Name  | Country | City          | State      | Postal Code | Region | Category        | Sub-Category | Product Name                                                | Sales   | Quantity | Discount | Profit   |
+----------+----------------+------------+------------+----------------+---------+---------------+------------+-------------+--------+-----------------+--------------+-------------------------------------------------------------+---------+----------+----------+----------+
|       54 | CA-2013-105816 | 12-12-2013 | 18-12-2013 | Janet Molinari | USA     | New York City | New York   |       10024 | East   | Technology      | Phones       | AT&T CL83451 4-Handset Telephone                            | 1029.95 |        5 |        0 | 298.6855 |
|       24 | CA-2012-106320 | 25-09-2012 | 30-09-2012 | Emily Burns    | USA     | Orem          | Utah       |       84057 | West   | Furniture       | Tables       | Bretford CR4500 Series Slim Rectangular Table               | 1044.63 |        3 |        0 | 240.2649 |
|        1 | CA-2013-152156 | 09-11-2013 | 12-11-2013 | Claire Gute    | USA     | Henderson     | Kentucky   |       42420 | South  | Furniture       | Chairs       | Hon Deluxe Fabric Upholstered Stacking Chairs, Rounded Back |  731.94 |        3 |        0 |  219.582 |
|      117 | CA-2012-110457 | 02-03-2012 | 06-03-2012 | Dave Kipp      | USA     | Seattle       | Washington |       98103 | West   | Furniture       | Tables       | Hon Racetrack Conference Tables                             |  787.53 |        3 |        0 | 165.3813 |
|       13 | CA-2013-161389 | 06-12-2013 | 11-12-2013 | Irene Maddox   | USA     | Seattle       | Washington |       98103 | West   | Office Supplies | Binders      | Fellowes PB200 Plastic Comb Binding Machine                 | 407.976 |        3 |      0.2 | 132.5922 |
+----------+----------------+------------+------------+----------------+---------+---------------+------------+-------------+--------+-----------------+--------------+-------------------------------------------------------------+---------+----------+----------+----------+
5 rows in set (0.00 sec)

mysql> select *
    -> from wallmart
    -> where Country!=USA
    -> LIMIT 10;
ERROR 1054 (42S22): Unknown column 'USA' in 'where clause'
mysql> select *
    -> from wallmart
    -> where Country!="USA"
    -> LIMIT 10;
Empty set (0.00 sec)

mysql> select *
    -> from wallmart
    -> where City ="Seattle"
    -> LIMIT 10;
+----------+----------------+------------+------------+---------------+---------+---------+------------+-------------+--------+-----------------+--------------+---------------------------------------------+---------+----------+----------+----------+
| SerialNo | Order ID       | Order Date | Ship Date  | Customer Name | Country | City    | State      | Postal Code | Region | Category        | Sub-Category | Product Name                                | Sales   | Quantity | Discount | Profit   |
+----------+----------------+------------+------------+---------------+---------+---------+------------+-------------+--------+-----------------+--------------+---------------------------------------------+---------+----------+----------+----------+
|       13 | CA-2013-161389 | 06-12-2013 | 11-12-2013 | Irene Maddox  | USA     | Seattle | Washington |       98103 | West   | Office Supplies | Binders      | Fellowes PB200 Plastic Comb Binding Machine | 407.976 |        3 |      0.2 | 132.5922 |
|      117 | CA-2012-110457 | 02-03-2012 | 06-03-2012 | Dave Kipp     | USA     | Seattle | Washington |       98103 | West   | Furniture       | Tables       | Hon Racetrack Conference Tables             |  787.53 |        3 |        0 | 165.3813 |
+----------+----------------+------------+------------+---------------+---------+---------+------------+-------------+--------+-----------------+--------------+---------------------------------------------+---------+----------+----------+----------+
2 rows in set (0.00 sec)

mysql> select Sales,
    -> Quantity,
    -> Sales * Qauntity AS  net_sale
    -> from wallmart
    -> Limit 10;
ERROR 1054 (42S22): Unknown column 'Qauntity' in 'field list'
mysql> select Sales,
    -> Quantity,
    -> Sales + Qauntity AS  net_sale
    -> from wallmart
    -> Limit 10;
ERROR 1054 (42S22): Unknown column 'Qauntity' in 'field list'
mysql> select *
    -> hgc;
ERROR 1064 (42000): You have an error in your SQL syntax; check the manual that corresponds to your MySQL server version for the right syntax to use near 'hgc' at line 2
mysql> select Sales,
    -> `Quantity`,
    -> Sales * `Qauntity` AS  net_sale
    -> from wallmart
    -> Limit 10;
ERROR 1054 (42S22): Unknown column 'Qauntity' in 'field list'
mysql> select Quantity from wallmart;
+----------+
| Quantity |
+----------+
|        2 |
|        3 |
|        2 |
|        5 |
|        2 |
|        7 |
|        4 |
|        6 |
|        3 |
|        5 |
|        9 |
|        4 |
|        3 |
|        3 |
|        5 |
|        3 |
|        6 |
|        2 |
|        2 |
|        3 |
|        4 |
|        7 |
|        7 |
|        2 |
|        3 |
|        2 |
|        3 |
|        7 |
|        2 |
|        3 |
|        2 |
|        6 |
|        2 |
|        3 |
|        7 |
|        5 |
|        9 |
|        3 |
|        3 |
|        4 |
|        4 |
|        2 |
|        2 |
|        2 |
|        2 |
|        4 |
|        3 |
|        2 |
|        6 |
|        6 |
|        2 |
|        1 |
|        7 |
|        5 |
|        6 |
|        5 |
|        5 |
|        2 |
|        2 |
|        4 |
|        1 |
|        2 |
|        6 |
|        3 |
|        4 |
|        5 |
|        8 |
|        4 |
|        2 |
|        1 |
|        3 |
|        8 |
|        2 |
|        1 |
|        3 |
|        3 |
|        5 |
|        1 |
|        3 |
|        5 |
|        1 |
|        7 |
|        3 |
|        2 |
|        1 |
|        2 |
|        7 |
|        3 |
|        2 |
|        1 |
|        2 |
|        3 |
|        2 |
|        1 |
|        7 |
|        3 |
|        6 |
|        7 |
|        3 |
|        3 |
|        4 |
|        6 |
|        3 |
|        8 |
|        1 |
|        1 |
|        5 |
|        2 |
|        2 |
|        6 |
|       14 |
|        2 |
|        3 |
|        6 |
|        3 |
|        1 |
|        3 |
|        4 |
|        6 |
|        9 |
|        7 |
|        3 |
|        6 |
|        2 |
|        7 |
|        2 |
|        3 |
|        5 |
|        2 |
|        9 |
|        3 |
|        1 |
|        4 |
|        2 |
+----------+
134 rows in set (0.00 sec)

mysql> Select Sales + Quantity AS net_sale from wallmart;
+--------------------+
| net_sale           |
+--------------------+
|             263.96 |
|             734.94 |
| 16.619999999999997 |
|           962.5775 |
|             24.368 |
|              55.86 |
| 11.280000000000001 |
|            913.152 |
|             21.504 |
|              119.9 |
|           1715.184 |
|            915.424 |
|             18.552 |
|            410.976 |
|   234.876988823294 |
| 5.5440000000000005 |
|             671.88 |
|               57.5 |
|              10.56 |
|             216.48 |
|              26.72 |
|              26.46 |
|              67.34 |
|             73.372 |
|            1047.63 |
|             13.648 |
|              93.57 |
|            3090.43 |
|             11.618 |
|              127.2 |
|  5.263999999999999 |
|             92.304 |
| 17.759999999999998 |
|             32.472 |
|           1104.544 |
|             195.92 |
|            122.328 |
|           535.3992 |
|            215.058 |
|            375.168 |
|            151.168 |
|              79.88 |
|             97.616 |
|              47.98 |
|              19.46 |
|             215.96 |
|                 48 |
|               23.8 |
|              44.22 |
|              81.18 |
|               8.16 |
|              90.99 |
| 22.259999999999998 |
|            1034.95 |
|             214.56 |
|               37.4 |
|             324.41 |
| 16.560000000000002 |
|                 32 |
|              52.48 |
| 2.6799999999999997 |
|              15.98 |
|             31.824 |
|             149.73 |
|              83.76 |
|            218.115 |
|           1121.024 |
|            171.968 |
|              77.88 |
|              5.616 |
|              22.05 |
|            839.936 |
|              99.04 |
|             73.784 |
|              4.248 |
|              30.24 |
|               24.3 |
|             209.16 |
|              19.74 |
|               19.9 |
|              22.39 |
|            207.984 |
|            233.376 |
|             303.96 |
|              20.99 |
|               8.16 |
|            165.368 |
|               23.1 |
|             75.584 |
|               7.48 |
|              14.96 |
|              56.34 |
|              34.96 |
|              6.682 |
|             103.53 |
|             54.312 |
|              83.88 |
|             71.624 |
|             98.976 |
|              4.788 |
|              27.92 |
|            244.896 |
|             105.36 |
|             82.112 |
|             28.992 |
|              4.304 |
|             344.96 |
|              43.96 |
|              77.96 |
| 33.239999999999995 |
|             54.096 |
|               6.72 |
|             26.976 |
|            136.464 |
|             790.53 |
|            158.794 |
|              50.04 |
|              34.84 |
|             232.56 |
|             124.02 |
|              75.04 |
|            603.558 |
|              623.7 |
|              4.388 |
|            250.992 |
|             83.424 |
|             241.56 |
|              64.97 |
|             80.304 |
|             30.456 |
|              23.04 |
|              36.44 |
|              15.52 |
|               6.02 |
+--------------------+
134 rows in set (0.00 sec)

mysql> Select Sales * Quantity AS net_sale from wallmart;
+--------------------+
| net_sale           |
+--------------------+
|             523.92 |
|            2195.82 |
|              29.24 |
|          4787.8875 |
|             44.736 |
|             342.02 |
|              29.12 |
|           5442.912 |
|             55.512 |
|              574.5 |
| 15355.655999999999 |
|           3645.696 |
|             46.656 |
| 1223.9279999999999 |
|   1149.38494411647 |
|              7.632 |
| 3995.2799999999997 |
|                111 |
|              17.12 |
|  640.4399999999999 |
|              90.88 |
|             136.22 |
|             422.38 |
|            142.744 |
| 3133.8900000000003 |
|             23.296 |
|             271.71 |
|           21584.01 |
|             19.236 |
|              372.6 |
|              6.528 |
|  517.8240000000001 |
|              31.52 |
|             88.416 |
|  7682.808000000001 |
|  954.5999999999999 |
|           1019.952 |
|          1597.1976 |
|            636.174 |
|           1484.672 |
|            588.672 |
|             155.76 |
|            191.232 |
|              91.96 |
|              34.92 |
|             847.84 |
|                135 |
|               43.6 |
|             229.32 |
| 451.08000000000004 |
|              12.32 |
|              89.99 |
|             106.82 |
|            5149.75 |
| 1251.3600000000001 |
|                162 |
| 1597.0500000000002 |
|              29.12 |
|                 60 |
|             193.92 |
|               1.68 |
|              27.96 |
| 154.94400000000002 |
| 440.18999999999994 |
|             319.04 |
|           1065.575 |
|           8904.192 |
|            671.872 |
|             151.76 |
|              4.616 |
| 57.150000000000006 |
|           6655.488 |
|             194.08 |
|             72.784 |
| 3.7439999999999998 |
|              81.72 |
|               96.5 |
|             208.16 |
|              50.22 |
|               74.5 |
|              21.39 |
| 1406.8880000000001 |
|            691.128 |
|             603.92 |
|              19.99 |
|              12.32 |
|           1108.576 |
| 60.300000000000004 |
|            147.168 |
|               6.48 |
|              25.92 |
|             160.02 |
|              65.92 |
|              5.682 |
|             675.71 |
| 153.93599999999998 |
|             467.28 |
| 452.36799999999994 |
|            287.928 |
|              5.364 |
|              95.68 |
|           1433.376 |
|             307.08 |
|            592.896 |
|             27.992 |
|              3.304 |
|             1699.8 |
|              83.92 |
|             151.92 |
|             163.44 |
|  561.3439999999999 |
|               9.44 |
|             71.928 |
|            782.784 |
|            2362.59 |
|            157.794 |
|             141.12 |
|             123.36 |
| 1359.3600000000001 |
|            1035.18 |
| 476.28000000000003 |
|           1801.674 |
| 3706.2000000000003 |
|              4.776 |
|           1707.944 |
|            162.848 |
|  715.6800000000001 |
|             299.85 |
|            156.608 |
| 193.10399999999998 |
|              60.12 |
|              35.44 |
|              46.08 |
|               8.04 |
+--------------------+
134 rows in set (0.00 sec)

mysql> Select Sales,Quantity, Sales * Quantity AS net_sale from wallmart;
+------------------+----------+--------------------+
| Sales            | Quantity | net_sale           |
+------------------+----------+--------------------+
|           261.96 |        2 |             523.92 |
|           731.94 |        3 |            2195.82 |
|            14.62 |        2 |              29.24 |
|         957.5775 |        5 |          4787.8875 |
|           22.368 |        2 |             44.736 |
|            48.86 |        7 |             342.02 |
|             7.28 |        4 |              29.12 |
|          907.152 |        6 |           5442.912 |
|           18.504 |        3 |             55.512 |
|            114.9 |        5 |              574.5 |
|         1706.184 |        9 | 15355.655999999999 |
|          911.424 |        4 |           3645.696 |
|           15.552 |        3 |             46.656 |
|          407.976 |        3 | 1223.9279999999999 |
| 229.876988823294 |        5 |   1149.38494411647 |
|            2.544 |        3 |              7.632 |
|           665.88 |        6 | 3995.2799999999997 |
|             55.5 |        2 |                111 |
|             8.56 |        2 |              17.12 |
|           213.48 |        3 |  640.4399999999999 |
|            22.72 |        4 |              90.88 |
|            19.46 |        7 |             136.22 |
|            60.34 |        7 |             422.38 |
|           71.372 |        2 |            142.744 |
|          1044.63 |        3 | 3133.8900000000003 |
|           11.648 |        2 |             23.296 |
|            90.57 |        3 |             271.71 |
|          3083.43 |        7 |           21584.01 |
|            9.618 |        2 |             19.236 |
|            124.2 |        3 |              372.6 |
|            3.264 |        2 |              6.528 |
|           86.304 |        6 |  517.8240000000001 |
|            15.76 |        2 |              31.52 |
|           29.472 |        3 |             88.416 |
|         1097.544 |        7 |  7682.808000000001 |
|           190.92 |        5 |  954.5999999999999 |
|          113.328 |        9 |           1019.952 |
|         532.3992 |        3 |          1597.1976 |
|          212.058 |        3 |            636.174 |
|          371.168 |        4 |           1484.672 |
|          147.168 |        4 |            588.672 |
|            77.88 |        2 |             155.76 |
|           95.616 |        2 |            191.232 |
|            45.98 |        2 |              91.96 |
|            17.46 |        2 |              34.92 |
|           211.96 |        4 |             847.84 |
|               45 |        3 |                135 |
|             21.8 |        2 |               43.6 |
|            38.22 |        6 |             229.32 |
|            75.18 |        6 | 451.08000000000004 |
|             6.16 |        2 |              12.32 |
|            89.99 |        1 |              89.99 |
|            15.26 |        7 |             106.82 |
|          1029.95 |        5 |            5149.75 |
|           208.56 |        6 | 1251.3600000000001 |
|             32.4 |        5 |                162 |
|           319.41 |        5 | 1597.0500000000002 |
|            14.56 |        2 |              29.12 |
|               30 |        2 |                 60 |
|            48.48 |        4 |             193.92 |
|             1.68 |        1 |               1.68 |
|            13.98 |        2 |              27.96 |
|           25.824 |        6 | 154.94400000000002 |
|           146.73 |        3 | 440.18999999999994 |
|            79.76 |        4 |             319.04 |
|          213.115 |        5 |           1065.575 |
|         1113.024 |        8 |           8904.192 |
|          167.968 |        4 |            671.872 |
|            75.88 |        2 |             151.76 |
|            4.616 |        1 |              4.616 |
|            19.05 |        3 | 57.150000000000006 |
|          831.936 |        8 |           6655.488 |
|            97.04 |        2 |             194.08 |
|           72.784 |        1 |             72.784 |
|            1.248 |        3 | 3.7439999999999998 |
|            27.24 |        3 |              81.72 |
|             19.3 |        5 |               96.5 |
|           208.16 |        1 |             208.16 |
|            16.74 |        3 |              50.22 |
|             14.9 |        5 |               74.5 |
|            21.39 |        1 |              21.39 |
|          200.984 |        7 | 1406.8880000000001 |
|          230.376 |        3 |            691.128 |
|           301.96 |        2 |             603.92 |
|            19.99 |        1 |              19.99 |
|             6.16 |        2 |              12.32 |
|          158.368 |        7 |           1108.576 |
|             20.1 |        3 | 60.300000000000004 |
|           73.584 |        2 |            147.168 |
|             6.48 |        1 |               6.48 |
|            12.96 |        2 |              25.92 |
|            53.34 |        3 |             160.02 |
|            32.96 |        2 |              65.92 |
|            5.682 |        1 |              5.682 |
|            96.53 |        7 |             675.71 |
|           51.312 |        3 | 153.93599999999998 |
|            77.88 |        6 |             467.28 |
|           64.624 |        7 | 452.36799999999994 |
|           95.976 |        3 |            287.928 |
|            1.788 |        3 |              5.364 |
|            23.92 |        4 |              95.68 |
|          238.896 |        6 |           1433.376 |
|           102.36 |        3 |             307.08 |
|           74.112 |        8 |            592.896 |
|           27.992 |        1 |             27.992 |
|            3.304 |        1 |              3.304 |
|           339.96 |        5 |             1699.8 |
|            41.96 |        2 |              83.92 |
|            75.96 |        2 |             151.92 |
|            27.24 |        6 |             163.44 |
|           40.096 |       14 |  561.3439999999999 |
|             4.72 |        2 |               9.44 |
|           23.976 |        3 |             71.928 |
|          130.464 |        6 |            782.784 |
|           787.53 |        3 |            2362.59 |
|          157.794 |        1 |            157.794 |
|            47.04 |        3 |             141.12 |
|            30.84 |        4 |             123.36 |
|           226.56 |        6 | 1359.3600000000001 |
|           115.02 |        9 |            1035.18 |
|            68.04 |        7 | 476.28000000000003 |
|          600.558 |        3 |           1801.674 |
|            617.7 |        6 | 3706.2000000000003 |
|            2.388 |        2 |              4.776 |
|          243.992 |        7 |           1707.944 |
|           81.424 |        2 |            162.848 |
|           238.56 |        3 |  715.6800000000001 |
|            59.97 |        5 |             299.85 |
|           78.304 |        2 |            156.608 |
|           21.456 |        9 | 193.10399999999998 |
|            20.04 |        3 |              60.12 |
|            35.44 |        1 |              35.44 |
|            11.52 |        4 |              46.08 |
|             4.02 |        2 |               8.04 |
+------------------+----------+--------------------+
134 rows in set (0.00 sec)

mysql> select * from wallmart limit 10;
+----------+----------------+------------+------------+-----------------+---------+-----------------+------------+-------------+--------+-----------------+--------------+------------------------------------------------------------------+----------+----------+----------+----------+
| SerialNo | Order ID       | Order Date | Ship Date  | Customer Name   | Country | City            | State      | Postal Code | Region | Category        | Sub-Category | Product Name                                                     | Sales    | Quantity | Discount | Profit   |
+----------+----------------+------------+------------+-----------------+---------+-----------------+------------+-------------+--------+-----------------+--------------+------------------------------------------------------------------+----------+----------+----------+----------+
|        0 | CA-2013-152156 | 09-11-2013 | 12-11-2013 | Claire Gute     | USA     | Henderson       | Kentucky   |       42420 | South  | Furniture       | Bookcases    | Bush Somerset Collection Bookcase                                |   261.96 |        2 |        0 |  41.9136 |
|        1 | CA-2013-152156 | 09-11-2013 | 12-11-2013 | Claire Gute     | USA     | Henderson       | Kentucky   |       42420 | South  | Furniture       | Chairs       | Hon Deluxe Fabric Upholstered Stacking Chairs, Rounded Back      |   731.94 |        3 |        0 |  219.582 |
|        2 | CA-2013-138688 | 13-06-2013 | 17-06-2013 | Darrin Van Huff | USA     | Los Angeles     | California |       90036 | West   | Office Supplies | Labels       | Self-Adhesive Address Labels for Typewriters by Universal        |    14.62 |        2 |        0 |   6.8714 |
|        3 | US-2012-108966 | 11-10-2012 | 18-10-2012 | Sean O'Donnell  | USA     | Fort Lauderdale | Florida    |       33311 | South  | Furniture       | Tables       | Bretford CR4500 Series Slim Rectangular Table                    | 957.5775 |        5 |     0.45 | -383.031 |
|        4 | US-2012-108966 | 11-10-2012 | 18-10-2012 | Sean O'Donnell  | USA     | Fort Lauderdale | Florida    |       33311 | South  | Office Supplies | Storage      | Eldon Fold 'N Roll Cart System                                   |   22.368 |        2 |      0.2 |   2.5164 |
|        5 | CA-2011-115812 | 09-06-2011 | 14-06-2011 | Brosina Hoffman | USA     | Los Angeles     | California |       90032 | West   | Furniture       | Furnishings  | Eldon Expressions Wood and Plastic Desk Accessories, Cherry Wood |    48.86 |        7 |        0 |  14.1694 |
|        6 | CA-2011-115812 | 09-06-2011 | 14-06-2011 | Brosina Hoffman | USA     | Los Angeles     | California |       90032 | West   | Office Supplies | Art          | Newell 322                                                       |     7.28 |        4 |        0 |   1.9656 |
|        7 | CA-2011-115812 | 09-06-2011 | 14-06-2011 | Brosina Hoffman | USA     | Los Angeles     | California |       90032 | West   | Technology      | Phones       | Mitel 5320 IP Phone VoIP phone                                   |  907.152 |        6 |      0.2 |  90.7152 |
|        8 | CA-2011-115812 | 09-06-2011 | 14-06-2011 | Brosina Hoffman | USA     | Los Angeles     | California |       90032 | West   | Office Supplies | Binders      | DXL Angle-View Binders with Locking Rings by Samsill             |   18.504 |        3 |      0.2 |   5.7825 |
|        9 | CA-2011-115812 | 09-06-2011 | 14-06-2011 | Brosina Hoffman | USA     | Los Angeles     | California |       90032 | West   | Office Supplies | Appliances   | Belkin F5C206VTEL 6 Outlet Surge                                 |    114.9 |        5 |        0 |    34.47 |
+----------+----------------+------------+------------+-----------------+---------+-----------------+------------+-------------+--------+-----------------+--------------+------------------------------------------------------------------+----------+----------+----------+----------+
10 rows in set (0.00 sec)

mysql> select * from wallmart limit 10;
+----------+----------------+------------+------------+-----------------+---------+-----------------+------------+-------------+--------+-----------------+--------------+------------------------------------------------------------------+----------+----------+----------+----------+
| SerialNo | Order ID       | Order Date | Ship Date  | Customer Name   | Country | City            | State      | Postal Code | Region | Category        | Sub-Category | Product Name                                                     | Sales    | Quantity | Discount | Profit   |
+----------+----------------+------------+------------+-----------------+---------+-----------------+------------+-------------+--------+-----------------+--------------+------------------------------------------------------------------+----------+----------+----------+----------+
|        0 | CA-2013-152156 | 09-11-2013 | 12-11-2013 | Claire Gute     | USA     | Henderson       | Kentucky   |       42420 | South  | Furniture       | Bookcases    | Bush Somerset Collection Bookcase                                |   261.96 |        2 |        0 |  41.9136 |
|        1 | CA-2013-152156 | 09-11-2013 | 12-11-2013 | Claire Gute     | USA     | Henderson       | Kentucky   |       42420 | South  | Furniture       | Chairs       | Hon Deluxe Fabric Upholstered Stacking Chairs, Rounded Back      |   731.94 |        3 |        0 |  219.582 |
|        2 | CA-2013-138688 | 13-06-2013 | 17-06-2013 | Darrin Van Huff | USA     | Los Angeles     | California |       90036 | West   | Office Supplies | Labels       | Self-Adhesive Address Labels for Typewriters by Universal        |    14.62 |        2 |        0 |   6.8714 |
|        3 | US-2012-108966 | 11-10-2012 | 18-10-2012 | Sean O'Donnell  | USA     | Fort Lauderdale | Florida    |       33311 | South  | Furniture       | Tables       | Bretford CR4500 Series Slim Rectangular Table                    | 957.5775 |        5 |     0.45 | -383.031 |
|        4 | US-2012-108966 | 11-10-2012 | 18-10-2012 | Sean O'Donnell  | USA     | Fort Lauderdale | Florida    |       33311 | South  | Office Supplies | Storage      | Eldon Fold 'N Roll Cart System                                   |   22.368 |        2 |      0.2 |   2.5164 |
|        5 | CA-2011-115812 | 09-06-2011 | 14-06-2011 | Brosina Hoffman | USA     | Los Angeles     | California |       90032 | West   | Furniture       | Furnishings  | Eldon Expressions Wood and Plastic Desk Accessories, Cherry Wood |    48.86 |        7 |        0 |  14.1694 |
|        6 | CA-2011-115812 | 09-06-2011 | 14-06-2011 | Brosina Hoffman | USA     | Los Angeles     | California |       90032 | West   | Office Supplies | Art          | Newell 322                                                       |     7.28 |        4 |        0 |   1.9656 |
|        7 | CA-2011-115812 | 09-06-2011 | 14-06-2011 | Brosina Hoffman | USA     | Los Angeles     | California |       90032 | West   | Technology      | Phones       | Mitel 5320 IP Phone VoIP phone                                   |  907.152 |        6 |      0.2 |  90.7152 |
|        8 | CA-2011-115812 | 09-06-2011 | 14-06-2011 | Brosina Hoffman | USA     | Los Angeles     | California |       90032 | West   | Office Supplies | Binders      | DXL Angle-View Binders with Locking Rings by Samsill             |   18.504 |        3 |      0.2 |   5.7825 |
|        9 | CA-2011-115812 | 09-06-2011 | 14-06-2011 | Brosina Hoffman | USA     | Los Angeles     | California |       90032 | West   | Office Supplies | Appliances   | Belkin F5C206VTEL 6 Outlet Surge                                 |    114.9 |        5 |        0 |    34.47 |
+----------+----------------+------------+------------+-----------------+---------+-----------------+------------+-------------+--------+-----------------+--------------+------------------------------------------------------------------+----------+----------+----------+----------+
10 rows in set (0.00 sec)

mysql> select * from wallmart
    -> where City LIKE '%Los%'
    -> limit 10;
+----------+----------------+------------+------------+-----------------+---------+-------------+------------+-------------+--------+-----------------+--------------+------------------------------------------------------------------+----------+----------+----------+---------+
| SerialNo | Order ID       | Order Date | Ship Date  | Customer Name   | Country | City        | State      | Postal Code | Region | Category        | Sub-Category | Product Name                                                     | Sales    | Quantity | Discount | Profit  |
+----------+----------------+------------+------------+-----------------+---------+-------------+------------+-------------+--------+-----------------+--------------+------------------------------------------------------------------+----------+----------+----------+---------+
|        2 | CA-2013-138688 | 13-06-2013 | 17-06-2013 | Darrin Van Huff | USA     | Los Angeles | California |       90036 | West   | Office Supplies | Labels       | Self-Adhesive Address Labels for Typewriters by Universal        |    14.62 |        2 |        0 |  6.8714 |
|        5 | CA-2011-115812 | 09-06-2011 | 14-06-2011 | Brosina Hoffman | USA     | Los Angeles | California |       90032 | West   | Furniture       | Furnishings  | Eldon Expressions Wood and Plastic Desk Accessories, Cherry Wood |    48.86 |        7 |        0 | 14.1694 |
|        6 | CA-2011-115812 | 09-06-2011 | 14-06-2011 | Brosina Hoffman | USA     | Los Angeles | California |       90032 | West   | Office Supplies | Art          | Newell 322                                                       |     7.28 |        4 |        0 |  1.9656 |
|        7 | CA-2011-115812 | 09-06-2011 | 14-06-2011 | Brosina Hoffman | USA     | Los Angeles | California |       90032 | West   | Technology      | Phones       | Mitel 5320 IP Phone VoIP phone                                   |  907.152 |        6 |      0.2 | 90.7152 |
|        8 | CA-2011-115812 | 09-06-2011 | 14-06-2011 | Brosina Hoffman | USA     | Los Angeles | California |       90032 | West   | Office Supplies | Binders      | DXL Angle-View Binders with Locking Rings by Samsill             |   18.504 |        3 |      0.2 |  5.7825 |
|        9 | CA-2011-115812 | 09-06-2011 | 14-06-2011 | Brosina Hoffman | USA     | Los Angeles | California |       90032 | West   | Office Supplies | Appliances   | Belkin F5C206VTEL 6 Outlet Surge                                 |    114.9 |        5 |        0 |   34.47 |
|       10 | CA-2011-115812 | 09-06-2011 | 14-06-2011 | Brosina Hoffman | USA     | Los Angeles | California |       90032 | West   | Furniture       | Tables       | Chromcraft Rectangular Conference Tables                         | 1706.184 |        9 |      0.2 | 85.3092 |
|       11 | CA-2011-115812 | 09-06-2011 | 14-06-2011 | Brosina Hoffman | USA     | Los Angeles | California |       90032 | West   | Technology      | Phones       | Konftel 250 Conference phone - Charcoal black                  |  911.424 |        4 |      0.2 | 68.3568 |
|       25 | CA-2013-121755 | 16-01-2013 | 20-01-2013 | Eric Hoffmann   | USA     | Los Angeles | California |       90049 | West   | Office Supplies | Binders      | Wilson Jones Active Use Binders                                  |   11.648 |        2 |      0.2 |  4.2224 |
|       26 | CA-2013-121755 | 16-01-2013 | 20-01-2013 | Eric Hoffmann   | USA     | Los Angeles | California |       90049 | West   | Technology      | Accessories  | Imation 8GB Mini TravelDrive USB 2.0 Flash Drive               |    90.57 |        3 |        0 | 11.7741 |
+----------+----------------+------------+------------+-----------------+---------+-------------+------------+-------------+--------+-----------------+--------------+------------------------------------------------------------------+----------+----------+----------+---------+
10 rows in set (0.00 sec)

mysql> select * from wallmart
    -> where City IN 'Henderson'
    -> limit 10;
ERROR 1064 (42000): You have an error in your SQL syntax; check the manual that corresponds to your MySQL server version for the right syntax to use near ''Henderson'
limit 10' at line 2
mysql> select * from wallmart
    -> where City IN "Henderson"
    -> limit 10;
ERROR 1064 (42000): You have an error in your SQL syntax; check the manual that corresponds to your MySQL server version for the right syntax to use near '"Henderson"
limit 10' at line 2
mysql> select * from wallmart
    -> where City IN ('Henderson')
    -> limit 10;
+----------+----------------+------------+------------+---------------+---------+-----------+----------+-------------+--------+-----------+--------------+-------------------------------------------------------------+--------+----------+----------+---------+
| SerialNo | Order ID       | Order Date | Ship Date  | Customer Name | Country | City      | State    | Postal Code | Region | Category  | Sub-Category | Product Name                                                | Sales  | Quantity | Discount | Profit  |
+----------+----------------+------------+------------+---------------+---------+-----------+----------+-------------+--------+-----------+--------------+-------------------------------------------------------------+--------+----------+----------+---------+
|        0 | CA-2013-152156 | 09-11-2013 | 12-11-2013 | Claire Gute   | USA     | Henderson | Kentucky |       42420 | South  | Furniture | Bookcases    | Bush Somerset Collection Bookcase                           | 261.96 |        2 |        0 | 41.9136 |
|        1 | CA-2013-152156 | 09-11-2013 | 12-11-2013 | Claire Gute   | USA     | Henderson | Kentucky |       42420 | South  | Furniture | Chairs       | Hon Deluxe Fabric Upholstered Stacking Chairs, Rounded Back | 731.94 |        3 |        0 | 219.582 |
+----------+----------------+------------+------------+---------------+---------+-----------+----------+-------------+--------+-----------+--------------+-------------------------------------------------------------+--------+----------+----------+---------+
2 rows in set (0.00 sec)

mysql> select * from wallmart
    -> where `Postal Code` IN (1000,2000)
    -> limit 50;
Empty set (0.00 sec)

mysql> select * from wallmart
    -> where `Postal Code` IN (10000,20000)
    -> limit 50;
Empty set (0.00 sec)

mysql> select * from wallmart
    -> where `Postal Code` IN (10024,42420)
    -> limit 50;
+----------+----------------+------------+------------+----------------+---------+---------------+----------+-------------+--------+-----------------+--------------+-------------------------------------------------------------+---------+----------+----------+----------+
| SerialNo | Order ID       | Order Date | Ship Date  | Customer Name  | Country | City          | State    | Postal Code | Region | Category        | Sub-Category | Product Name                                                | Sales   | Quantity | Discount | Profit   |
+----------+----------------+------------+------------+----------------+---------+---------------+----------+-------------+--------+-----------------+--------------+-------------------------------------------------------------+---------+----------+----------+----------+
|        0 | CA-2013-152156 | 09-11-2013 | 12-11-2013 | Claire Gute    | USA     | Henderson     | Kentucky |       42420 | South  | Furniture       | Bookcases    | Bush Somerset Collection Bookcase                           |  261.96 |        2 |        0 |  41.9136 |
|        1 | CA-2013-152156 | 09-11-2013 | 12-11-2013 | Claire Gute    | USA     | Henderson     | Kentucky |       42420 | South  | Furniture       | Chairs       | Hon Deluxe Fabric Upholstered Stacking Chairs, Rounded Back |  731.94 |        3 |        0 |  219.582 |
|       53 | CA-2013-105816 | 12-12-2013 | 18-12-2013 | Janet Molinari | USA     | New York City | New York |       10024 | East   | Office Supplies | Fasteners    | Advantus Push Pins                                          |   15.26 |        7 |        0 |   6.2566 |
|       54 | CA-2013-105816 | 12-12-2013 | 18-12-2013 | Janet Molinari | USA     | New York City | New York |       10024 | East   | Technology      | Phones       | AT&T CL83451 4-Handset Telephone                            | 1029.95 |        5 |        0 | 298.6855 |
+----------+----------------+------------+------------+----------------+---------+---------------+----------+-------------+--------+-----------------+--------------+-------------------------------------------------------------+---------+----------+----------+----------+
4 rows in set (0.00 sec)

mysql> select * from wallmart
    -> where `Postal Code` NOT IN (10024,42420)
    -> limit 10;
+----------+----------------+------------+------------+-----------------+---------+-----------------+------------+-------------+--------+-----------------+--------------+------------------------------------------------------------------+----------+----------+----------+----------+
| SerialNo | Order ID       | Order Date | Ship Date  | Customer Name   | Country | City            | State      | Postal Code | Region | Category        | Sub-Category | Product Name                                                     | Sales    | Quantity | Discount | Profit   |
+----------+----------------+------------+------------+-----------------+---------+-----------------+------------+-------------+--------+-----------------+--------------+------------------------------------------------------------------+----------+----------+----------+----------+
|        2 | CA-2013-138688 | 13-06-2013 | 17-06-2013 | Darrin Van Huff | USA     | Los Angeles     | California |       90036 | West   | Office Supplies | Labels       | Self-Adhesive Address Labels for Typewriters by Universal        |    14.62 |        2 |        0 |   6.8714 |
|        3 | US-2012-108966 | 11-10-2012 | 18-10-2012 | Sean O'Donnell  | USA     | Fort Lauderdale | Florida    |       33311 | South  | Furniture       | Tables       | Bretford CR4500 Series Slim Rectangular Table                    | 957.5775 |        5 |     0.45 | -383.031 |
|        4 | US-2012-108966 | 11-10-2012 | 18-10-2012 | Sean O'Donnell  | USA     | Fort Lauderdale | Florida    |       33311 | South  | Office Supplies | Storage      | Eldon Fold 'N Roll Cart System                                   |   22.368 |        2 |      0.2 |   2.5164 |
|        5 | CA-2011-115812 | 09-06-2011 | 14-06-2011 | Brosina Hoffman | USA     | Los Angeles     | California |       90032 | West   | Furniture       | Furnishings  | Eldon Expressions Wood and Plastic Desk Accessories, Cherry Wood |    48.86 |        7 |        0 |  14.1694 |
|        6 | CA-2011-115812 | 09-06-2011 | 14-06-2011 | Brosina Hoffman | USA     | Los Angeles     | California |       90032 | West   | Office Supplies | Art          | Newell 322                                                       |     7.28 |        4 |        0 |   1.9656 |
|        7 | CA-2011-115812 | 09-06-2011 | 14-06-2011 | Brosina Hoffman | USA     | Los Angeles     | California |       90032 | West   | Technology      | Phones       | Mitel 5320 IP Phone VoIP phone                                   |  907.152 |        6 |      0.2 |  90.7152 |
|        8 | CA-2011-115812 | 09-06-2011 | 14-06-2011 | Brosina Hoffman | USA     | Los Angeles     | California |       90032 | West   | Office Supplies | Binders      | DXL Angle-View Binders with Locking Rings by Samsill             |   18.504 |        3 |      0.2 |   5.7825 |
|        9 | CA-2011-115812 | 09-06-2011 | 14-06-2011 | Brosina Hoffman | USA     | Los Angeles     | California |       90032 | West   | Office Supplies | Appliances   | Belkin F5C206VTEL 6 Outlet Surge                                 |    114.9 |        5 |        0 |    34.47 |
|       10 | CA-2011-115812 | 09-06-2011 | 14-06-2011 | Brosina Hoffman | USA     | Los Angeles     | California |       90032 | West   | Furniture       | Tables       | Chromcraft Rectangular Conference Tables                         | 1706.184 |        9 |      0.2 |  85.3092 |
|       11 | CA-2011-115812 | 09-06-2011 | 14-06-2011 | Brosina Hoffman | USA     | Los Angeles     | California |       90032 | West   | Technology      | Phones       | Konftel 250 Conference phone - Charcoal black                  |  911.424 |        4 |      0.2 |  68.3568 |
+----------+----------------+------------+------------+-----------------+---------+-----------------+------------+-------------+--------+-----------------+--------------+------------------------------------------------------------------+----------+----------+----------+----------+
10 rows in set (0.00 sec)

mysql> select * from wallmart
    -> where `Order Date`>='02-03-2012' AND `Order Date`<='03-02-2014';
+----------+----------------+------------+------------+----------------+---------+-----------+------------+-------------+---------+-----------------+--------------+---------------------------------------------------------------------------+--------+----------+----------+----------+
| SerialNo | Order ID       | Order Date | Ship Date  | Customer Name  | Country | City      | State      | Postal Code | Region  | Category        | Sub-Category | Product Name                                                              | Sales  | Quantity | Discount | Profit   |
+----------+----------------+------------+------------+----------------+---------+-----------+------------+-------------+---------+-----------------+--------------+---------------------------------------------------------------------------+--------+----------+----------+----------+
|      102 | CA-2013-129903 | 02-12-2013 | 05-12-2013 | Gary Zandusky  | USA     | Rochester | Minnesota  |       55901 | Central | Office Supplies | Paper        | Universal Premium White Copier/Laser Paper (20Lb. and 87 Bright)          |  23.92 |        4 |        0 |  11.7208 |
|      117 | CA-2012-110457 | 02-03-2012 | 06-03-2012 | Dave Kipp      | USA     | Seattle   | Washington |       98103 | West    | Furniture       | Tables       | Hon Racetrack Conference Tables                                           | 787.53 |        3 |        0 | 165.3813 |
|      130 | US-2014-164147 | 03-02-2014 | 06-02-2014 | Dorothy Wardle | USA     | Columbus  | Ohio       |       43229 | East    | Technology      | Phones       | Anker 36W 4-Port USB Wall Charger Travel Power Adapter for iPhone 5s 5c 5 |  59.97 |        5 |      0.4 |  -11.994 |
|      131 | US-2014-164147 | 03-02-2014 | 06-02-2014 | Dorothy Wardle | USA     | Columbus  | Ohio       |       43229 | East    | Office Supplies | Paper        | Xerox 1916                                                                | 78.304 |        2 |      0.2 |   29.364 |
|      132 | US-2014-164147 | 03-02-2014 | 06-02-2014 | Dorothy Wardle | USA     | Columbus  | Ohio       |       43229 | East    | Office Supplies | Fasteners    | Staples                                                                   | 21.456 |        9 |      0.2 |   6.9732 |
+----------+----------------+------------+------------+----------------+---------+-----------+------------+-------------+---------+-----------------+--------------+---------------------------------------------------------------------------+--------+----------+----------+----------+
5 rows in set (0.00 sec)

mysql> select * from wallmart
    -> where `Order Date`>='02-03-2012' AND `Order Date`<='03-02-2014'
    -> order by `Order Date`;
+----------+----------------+------------+------------+----------------+---------+-----------+------------+-------------+---------+-----------------+--------------+---------------------------------------------------------------------------+--------+----------+----------+----------+
| SerialNo | Order ID       | Order Date | Ship Date  | Customer Name  | Country | City      | State      | Postal Code | Region  | Category        | Sub-Category | Product Name                                                              | Sales  | Quantity | Discount | Profit   |
+----------+----------------+------------+------------+----------------+---------+-----------+------------+-------------+---------+-----------------+--------------+---------------------------------------------------------------------------+--------+----------+----------+----------+
|      117 | CA-2012-110457 | 02-03-2012 | 06-03-2012 | Dave Kipp      | USA     | Seattle   | Washington |       98103 | West    | Furniture       | Tables       | Hon Racetrack Conference Tables                                           | 787.53 |        3 |        0 | 165.3813 |
|      102 | CA-2013-129903 | 02-12-2013 | 05-12-2013 | Gary Zandusky  | USA     | Rochester | Minnesota  |       55901 | Central | Office Supplies | Paper        | Universal Premium White Copier/Laser Paper (20Lb. and 87 Bright)          |  23.92 |        4 |        0 |  11.7208 |
|      130 | US-2014-164147 | 03-02-2014 | 06-02-2014 | Dorothy Wardle | USA     | Columbus  | Ohio       |       43229 | East    | Technology      | Phones       | Anker 36W 4-Port USB Wall Charger Travel Power Adapter for iPhone 5s 5c 5 |  59.97 |        5 |      0.4 |  -11.994 |
|      131 | US-2014-164147 | 03-02-2014 | 06-02-2014 | Dorothy Wardle | USA     | Columbus  | Ohio       |       43229 | East    | Office Supplies | Paper        | Xerox 1916                                                                | 78.304 |        2 |      0.2 |   29.364 |
|      132 | US-2014-164147 | 03-02-2014 | 06-02-2014 | Dorothy Wardle | USA     | Columbus  | Ohio       |       43229 | East    | Office Supplies | Fasteners    | Staples                                                                   | 21.456 |        9 |      0.2 |   6.9732 |
+----------+----------------+------------+------------+----------------+---------+-----------+------------+-------------+---------+-----------------+--------------+---------------------------------------------------------------------------+--------+----------+----------+----------+
5 rows in set (0.00 sec)

mysql> select * from wallmart
    -> where `Order Date` BETWEEN '02-03-2012'AND '03-02-2014'
    -> order by `Order Date`;
+----------+----------------+------------+------------+----------------+---------+-----------+------------+-------------+---------+-----------------+--------------+---------------------------------------------------------------------------+--------+----------+----------+----------+
| SerialNo | Order ID       | Order Date | Ship Date  | Customer Name  | Country | City      | State      | Postal Code | Region  | Category        | Sub-Category | Product Name                                                              | Sales  | Quantity | Discount | Profit   |
+----------+----------------+------------+------------+----------------+---------+-----------+------------+-------------+---------+-----------------+--------------+---------------------------------------------------------------------------+--------+----------+----------+----------+
|      117 | CA-2012-110457 | 02-03-2012 | 06-03-2012 | Dave Kipp      | USA     | Seattle   | Washington |       98103 | West    | Furniture       | Tables       | Hon Racetrack Conference Tables                                           | 787.53 |        3 |        0 | 165.3813 |
|      102 | CA-2013-129903 | 02-12-2013 | 05-12-2013 | Gary Zandusky  | USA     | Rochester | Minnesota  |       55901 | Central | Office Supplies | Paper        | Universal Premium White Copier/Laser Paper (20Lb. and 87 Bright)          |  23.92 |        4 |        0 |  11.7208 |
|      130 | US-2014-164147 | 03-02-2014 | 06-02-2014 | Dorothy Wardle | USA     | Columbus  | Ohio       |       43229 | East    | Technology      | Phones       | Anker 36W 4-Port USB Wall Charger Travel Power Adapter for iPhone 5s 5c 5 |  59.97 |        5 |      0.4 |  -11.994 |
|      131 | US-2014-164147 | 03-02-2014 | 06-02-2014 | Dorothy Wardle | USA     | Columbus  | Ohio       |       43229 | East    | Office Supplies | Paper        | Xerox 1916                                                                | 78.304 |        2 |      0.2 |   29.364 |
|      132 | US-2014-164147 | 03-02-2014 | 06-02-2014 | Dorothy Wardle | USA     | Columbus  | Ohio       |       43229 | East    | Office Supplies | Fasteners    | Staples                                                                   | 21.456 |        9 |      0.2 |   6.9732 |
+----------+----------------+------------+------------+----------------+---------+-----------+------------+-------------+---------+-----------------+--------------+---------------------------------------------------------------------------+--------+----------+----------+----------+
5 rows in set (0.00 sec)

mysql> select * from wallmart
    -> where `Order Date` BETWEEN '02-03-2010'AND '03-02-2014'
    -> order by `Order Date`;
+----------+----------------+------------+------------+----------------+---------+-----------+------------+-------------+---------+-----------------+--------------+---------------------------------------------------------------------------+--------+----------+----------+----------+
| SerialNo | Order ID       | Order Date | Ship Date  | Customer Name  | Country | City      | State      | Postal Code | Region  | Category        | Sub-Category | Product Name                                                              | Sales  | Quantity | Discount | Profit   |
+----------+----------------+------------+------------+----------------+---------+-----------+------------+-------------+---------+-----------------+--------------+---------------------------------------------------------------------------+--------+----------+----------+----------+
|      117 | CA-2012-110457 | 02-03-2012 | 06-03-2012 | Dave Kipp      | USA     | Seattle   | Washington |       98103 | West    | Furniture       | Tables       | Hon Racetrack Conference Tables                                           | 787.53 |        3 |        0 | 165.3813 |
|      102 | CA-2013-129903 | 02-12-2013 | 05-12-2013 | Gary Zandusky  | USA     | Rochester | Minnesota  |       55901 | Central | Office Supplies | Paper        | Universal Premium White Copier/Laser Paper (20Lb. and 87 Bright)          |  23.92 |        4 |        0 |  11.7208 |
|      130 | US-2014-164147 | 03-02-2014 | 06-02-2014 | Dorothy Wardle | USA     | Columbus  | Ohio       |       43229 | East    | Technology      | Phones       | Anker 36W 4-Port USB Wall Charger Travel Power Adapter for iPhone 5s 5c 5 |  59.97 |        5 |      0.4 |  -11.994 |
|      131 | US-2014-164147 | 03-02-2014 | 06-02-2014 | Dorothy Wardle | USA     | Columbus  | Ohio       |       43229 | East    | Office Supplies | Paper        | Xerox 1916                                                                | 78.304 |        2 |      0.2 |   29.364 |
|      132 | US-2014-164147 | 03-02-2014 | 06-02-2014 | Dorothy Wardle | USA     | Columbus  | Ohio       |       43229 | East    | Office Supplies | Fasteners    | Staples                                                                   | 21.456 |        9 |      0.2 |   6.9732 |
+----------+----------------+------------+------------+----------------+---------+-----------+------------+-------------+---------+-----------------+--------------+---------------------------------------------------------------------------+--------+----------+----------+----------+
5 rows in set (0.00 sec)

mysql> select * from wallmart
    -> where  `Order Date`<='03-02-2014' OR `Order Date`='09-11-2013'
    -> order by `Order Date`;
+----------+----------------+------------+------------+----------------+---------+-----------+------------+-------------+---------+-----------------+--------------+---------------------------------------------------------------------------+--------+----------+----------+----------+
| SerialNo | Order ID       | Order Date | Ship Date  | Customer Name  | Country | City      | State      | Postal Code | Region  | Category        | Sub-Category | Product Name                                                              | Sales  | Quantity | Discount | Profit   |
+----------+----------------+------------+------------+----------------+---------+-----------+------------+-------------+---------+-----------------+--------------+---------------------------------------------------------------------------+--------+----------+----------+----------+
|      117 | CA-2012-110457 | 02-03-2012 | 06-03-2012 | Dave Kipp      | USA     | Seattle   | Washington |       98103 | West    | Furniture       | Tables       | Hon Racetrack Conference Tables                                           | 787.53 |        3 |        0 | 165.3813 |
|      102 | CA-2013-129903 | 02-12-2013 | 05-12-2013 | Gary Zandusky  | USA     | Rochester | Minnesota  |       55901 | Central | Office Supplies | Paper        | Universal Premium White Copier/Laser Paper (20Lb. and 87 Bright)          |  23.92 |        4 |        0 |  11.7208 |
|      130 | US-2014-164147 | 03-02-2014 | 06-02-2014 | Dorothy Wardle | USA     | Columbus  | Ohio       |       43229 | East    | Technology      | Phones       | Anker 36W 4-Port USB Wall Charger Travel Power Adapter for iPhone 5s 5c 5 |  59.97 |        5 |      0.4 |  -11.994 |
|      131 | US-2014-164147 | 03-02-2014 | 06-02-2014 | Dorothy Wardle | USA     | Columbus  | Ohio       |       43229 | East    | Office Supplies | Paper        | Xerox 1916                                                                | 78.304 |        2 |      0.2 |   29.364 |
|      132 | US-2014-164147 | 03-02-2014 | 06-02-2014 | Dorothy Wardle | USA     | Columbus  | Ohio       |       43229 | East    | Office Supplies | Fasteners    | Staples                                                                   | 21.456 |        9 |      0.2 |   6.9732 |
|        0 | CA-2013-152156 | 09-11-2013 | 12-11-2013 | Claire Gute    | USA     | Henderson | Kentucky   |       42420 | South   | Furniture       | Bookcases    | Bush Somerset Collection Bookcase                                         | 261.96 |        2 |        0 |  41.9136 |
|        1 | CA-2013-152156 | 09-11-2013 | 12-11-2013 | Claire Gute    | USA     | Henderson | Kentucky   |       42420 | South   | Furniture       | Chairs       | Hon Deluxe Fabric Upholstered Stacking Chairs, Rounded Back               | 731.94 |        3 |        0 |  219.582 |
+----------+----------------+------------+------------+----------------+---------+-----------+------------+-------------+---------+-----------------+--------------+---------------------------------------------------------------------------+--------+----------+----------+----------+
7 rows in set (0.00 sec)

mysql> select * from wallmart
    -> where (`Order Date` BETWEEN '02-03-2012'AND '09-11-2013') OR `Order Date`='03-02-2014'
    -> order by `Order Date`;
+----------+----------------+------------+------------+-------------------+---------+-------------+----------------+-------------+---------+-----------------+--------------+---------------------------------------------------------------------------+----------+----------+----------+-----------+
| SerialNo | Order ID       | Order Date | Ship Date  | Customer Name     | Country | City        | State          | Postal Code | Region  | Category        | Sub-Category | Product Name                                                              | Sales    | Quantity | Discount | Profit    |
+----------+----------------+------------+------------+-------------------+---------+-------------+----------------+-------------+---------+-----------------+--------------+---------------------------------------------------------------------------+----------+----------+----------+-----------+
|      117 | CA-2012-110457 | 02-03-2012 | 06-03-2012 | Dave Kipp         | USA     | Seattle     | Washington     |       98103 | West    | Furniture       | Tables       | Hon Racetrack Conference Tables                                           |   787.53 |        3 |        0 |  165.3813 |
|      102 | CA-2013-129903 | 02-12-2013 | 05-12-2013 | Gary Zandusky     | USA     | Rochester   | Minnesota      |       55901 | Central | Office Supplies | Paper        | Universal Premium White Copier/Laser Paper (20Lb. and 87 Bright)          |    23.92 |        4 |        0 |   11.7208 |
|      130 | US-2014-164147 | 03-02-2014 | 06-02-2014 | Dorothy Wardle    | USA     | Columbus    | Ohio           |       43229 | East    | Technology      | Phones       | Anker 36W 4-Port USB Wall Charger Travel Power Adapter for iPhone 5s 5c 5 |    59.97 |        5 |      0.4 |   -11.994 |
|      131 | US-2014-164147 | 03-02-2014 | 06-02-2014 | Dorothy Wardle    | USA     | Columbus    | Ohio           |       43229 | East    | Office Supplies | Paper        | Xerox 1916                                                                |   78.304 |        2 |      0.2 |    29.364 |
|      132 | US-2014-164147 | 03-02-2014 | 06-02-2014 | Dorothy Wardle    | USA     | Columbus    | Ohio           |       43229 | East    | Office Supplies | Fasteners    | Staples                                                                   |   21.456 |        9 |      0.2 |    6.9732 |
|       83 | CA-2012-149734 | 03-09-2012 | 08-09-2012 | Julie Creighton   | USA     | Durham      | North Carolina |       27707 | South   | Office Supplies | Envelopes    | Jet-Pak Recycled Peel 'N' Seal Padded Mailers                             |  200.984 |        7 |      0.2 |   62.8075 |
|      111 | CA-2013-128867 | 04-11-2013 | 11-11-2013 | Clay Ludtke       | USA     | Urbandale   | Iowa           |       50322 | Central | Office Supplies | Art          | Hunt PowerHouse Electric Pencil Sharpener, Blue                           |    75.96 |        2 |        0 |    22.788 |
|      112 | CA-2013-128867 | 04-11-2013 | 11-11-2013 | Clay Ludtke       | USA     | Urbandale   | Iowa           |       50322 | Central | Office Supplies | Binders      | Avery Durable Plastic 1" Binders"                                         |    27.24 |        6 |        0 |   13.3476 |
|      118 | US-2012-136476 | 05-04-2012 | 10-04-2012 | Greg Guthrie      | USA     | Bristol     | Tennessee      |       37620 | South   | Office Supplies | Binders      | GBC DocuBind 300 Electric Binding Machine                                 |  157.794 |        1 |      0.7 | -115.7156 |
|       69 | CA-2013-119823 | 05-06-2013 | 07-06-2013 | Karen Daniels     | USA     | Springfield | Virginia       |       22153 | South   | Office Supplies | Paper        | Snap-A-Way Black Print Carbonless Ruled Speed Letter, Triplicate          |    75.88 |        2 |        0 |   35.6636 |
|       67 | CA-2011-106376 | 05-12-2011 | 10-12-2011 | Brendan Sweed     | USA     | Gilbert     | Arizona        |       85234 | West    | Office Supplies | Art          | Hunt BOSTON Model 1606 High-Volume Electric Pencil Sharpener, Beige       | 1113.024 |        8 |      0.2 |  111.3024 |
|       68 | CA-2011-106376 | 05-12-2011 | 10-12-2011 | Brendan Sweed     | USA     | Gilbert     | Arizona        |       85234 | West    | Technology      | Phones       | netTALK DUO VoIP Telephone Service                                        |  167.968 |        4 |      0.2 |    62.988 |
|       88 | CA-2013-159695 | 06-04-2013 | 11-04-2013 | Gary Mitchum      | USA     | Houston     | Texas          |       77095 | Central | Office Supplies | Storage      | Eldon Portable Mobile Manager                                             |  158.368 |        7 |      0.2 |   13.8572 |
|      126 | US-2014-107272 | 06-11-2014 | 13-11-2014 | Troy Staebel      | USA     | Phoenix     | Arizona        |       85023 | West    | Office Supplies | Binders      | Avery Durable Slant Ring Binders, No Labels                               |    2.388 |        2 |      0.7 |   -1.8308 |
|      127 | US-2014-107272 | 06-11-2014 | 13-11-2014 | Troy Staebel      | USA     | Phoenix     | Arizona        |       85023 | West    | Office Supplies | Storage      | Trav-L-File Heavy-Duty Shuttle II, Black                                  |  243.992 |        7 |      0.2 |    30.499 |
|       13 | CA-2013-161389 | 06-12-2013 | 11-12-2013 | Irene Maddox      | USA     | Seattle     | Washington     |       98103 | West    | Office Supplies | Binders      | Fellowes PB200 Plastic Comb Binding Machine                               |  407.976 |        3 |      0.2 |  132.5922 |
|       98 | CA-2013-149223 | 07-09-2013 | 12-09-2013 | Elpida Rittenbach | USA     | Saint Paul  | Minnesota      |       55106 | Central | Office Supplies | Appliances   | Fellowes Basic Home/Office Series Surge Protectors                        |    77.88 |        6 |        0 |   22.5852 |
|      128 | US-2013-125969 | 07-11-2013 | 11-11-2013 | Lindsay Shagiari  | USA     | Los Angeles | California     |       90004 | West    | Furniture       | Chairs       | Global Task Chair, Black                                                  |   81.424 |        2 |      0.2 |   -9.1602 |
|      129 | US-2013-125969 | 07-11-2013 | 11-11-2013 | Lindsay Shagiari  | USA     | Los Angeles | California     |       90004 | West    | Furniture       | Furnishings  | Eldon Cleatmat Plus Chair Mats for High Pile Carpets                      |   238.56 |        3 |        0 |   26.2416 |
|       95 | US-2014-109484 | 07-11-2014 | 13-11-2014 | Roger Barcio      | USA     | Portland    | Oregon         |       97206 | West    | Office Supplies | Binders      | Flexible Leather- Look Classic Collection Ring Binder                     |    5.682 |        1 |      0.7 |    -3.788 |
|        5 | CA-2011-115812 | 09-06-2011 | 14-06-2011 | Brosina Hoffman   | USA     | Los Angeles | California     |       90032 | West    | Furniture       | Furnishings  | Eldon Expressions Wood and Plastic Desk Accessories, Cherry Wood          |    48.86 |        7 |        0 |   14.1694 |
|        6 | CA-2011-115812 | 09-06-2011 | 14-06-2011 | Brosina Hoffman   | USA     | Los Angeles | California     |       90032 | West    | Office Supplies | Art          | Newell 322                                                                |     7.28 |        4 |        0 |    1.9656 |
|        7 | CA-2011-115812 | 09-06-2011 | 14-06-2011 | Brosina Hoffman   | USA     | Los Angeles | California     |       90032 | West    | Technology      | Phones       | Mitel 5320 IP Phone VoIP phone                                            |  907.152 |        6 |      0.2 |   90.7152 |
|        8 | CA-2011-115812 | 09-06-2011 | 14-06-2011 | Brosina Hoffman   | USA     | Los Angeles | California     |       90032 | West    | Office Supplies | Binders      | DXL Angle-View Binders with Locking Rings by Samsill                      |   18.504 |        3 |      0.2 |    5.7825 |
|        9 | CA-2011-115812 | 09-06-2011 | 14-06-2011 | Brosina Hoffman   | USA     | Los Angeles | California     |       90032 | West    | Office Supplies | Appliances   | Belkin F5C206VTEL 6 Outlet Surge                                          |    114.9 |        5 |        0 |     34.47 |
|       10 | CA-2011-115812 | 09-06-2011 | 14-06-2011 | Brosina Hoffman   | USA     | Los Angeles | California     |       90032 | West    | Furniture       | Tables       | Chromcraft Rectangular Conference Tables                                  | 1706.184 |        9 |      0.2 |   85.3092 |
|       11 | CA-2011-115812 | 09-06-2011 | 14-06-2011 | Brosina Hoffman   | USA     | Los Angeles | California     |       90032 | West    | Technology      | Phones       | Konftel 250 Conference phone - Charcoal black                           |  911.424 |        4 |      0.2 |   68.3568 |
|        0 | CA-2013-152156 | 09-11-2013 | 12-11-2013 | Claire Gute       | USA     | Henderson   | Kentucky       |       42420 | South   | Furniture       | Bookcases    | Bush Somerset Collection Bookcase                                         |   261.96 |        2 |        0 |   41.9136 |
|        1 | CA-2013-152156 | 09-11-2013 | 12-11-2013 | Claire Gute       | USA     | Henderson   | Kentucky       |       42420 | South   | Furniture       | Chairs       | Hon Deluxe Fabric Upholstered Stacking Chairs, Rounded Back               |   731.94 |        3 |        0 |   219.582 |
+----------+----------------+------------+------------+-------------------+---------+-------------+----------------+-------------+---------+-----------------+--------------+---------------------------------------------------------------------------+----------+----------+----------+-----------+
29 rows in set (0.00 sec)

mysql>